---
source: crates/science-parser/tests/migration.rs
expression: parse_source_allowing_errors(source)
---
Module @0..103
  Fn `f` @0..102
    params
      Param `rows` @6..23
        type: Borrowed @12..23
          Path `Array` @13..23
            generics of `Array`
              Path `Int` @19..22
    body: Block @30..102
      For @30..66
        pattern: Binding `row` @39..42
        iter: Path `rows` @46..50
        body: Block @60..66
          tail: Call @60..66
            callee: Path `g` @60..61
            args
              Path `row` @62..65
      tail: For @71..102
        pattern: Binding `row` @75..78
        iter: Path `rows` @82..86
        body: Block @96..102
          tail: Call @96..102
            callee: Path `g` @96..97
            args
              Path `row` @98..101
--- diagnostics ---
SC0138 @30..38 the loop is written `for x in xs`
  note `each` names the subject of a call, as in `docs.map(each.title)`, and nothing else
