---
source: crates/science-parser/tests/migration.rs
expression: parse_source_allowing_errors(source)
---
Module @0..225
  Interface `Summarize` @0..50
    methods
      Fn `summarize` @21..50
        receiver: self @35..39
        ret: Path `String` @44..50
  Has @52..224
    type: Path `Doc` @52..55
    methods
      Fn `show` @73..224
        receiver: self @82..86
        params
          Param `rows` @88..105
            type: Borrowed @94..105
              Path `Array` @95..105
                generics of `Array`
                  Path `Int` @101..104
          Param `n` @107..113
            type: Path `Int` @110..113
        body: Block @124..224
          For @124..170
            pattern: Binding `row` @133..136
            iter: Path `rows` @140..144
            body: Block @158..170
              tail: Call @158..170
                callee: Path `print` @158..165
                args
                  Path `row` @166..169
          tail: Loop @179..224
            body: Block @214..224
              Assign @214..224
                target: Path `n` @214..215
                value: Binary `-` @219..224
                  lhs: Path `n` @219..220
                  rhs: Int 1 @223..224
--- diagnostics ---
SC0139 @0..5 the declaration is written `interface`
SC0141 @56..67 the inherent block is written `Type has:`
SC0138 @124..132 the loop is written `for x in xs`
  note `each` names the subject of a call, as in `docs.map(each.title)`, and nothing else
SC0144 @158..165 the free function is `print`
  note `print` writes a newline; `write` is the form that does not
SC0143 @187..198 the comparison is written `>=`
  note `is` and `is not` are the only comparisons written as words
SC0142 @179..200 the unbounded loop is written `loop`
  note end it with the condition negated: make `if not …: break` the first statement of the body, or write a count as a range, `for i in 0..n:`
