---
source: crates/science-parser/tests/migration.rs
expression: parse_source_allowing_errors(source)
---
Module @0..52
  Fn `main` @0..51
    body: Block @16..51
      Call @16..32
        callee: Path `print` @16..23
        args
          Str "hello" @24..31
      tail: Call @37..51
        callee: Path `print` @37..42
        args
          Str "again" @43..50
--- diagnostics ---
SC0144 @16..23 the free function is `print`
  note `print` writes a newline; `write` is the form that does not
