---
source: crates/science-parser/tests/migration.rs
expression: parse_source_allowing_errors(source)
---
Module @0..111
  Interface `Summarize` @0..55
    methods
      Fn `summarize` @21..55
        receiver: self @40..44
        ret: Path `String` @49..55
  Interface `Pretty` @57..110
    methods
      Fn `pretty` @79..110
        receiver: self @95..99
        ret: Path `String` @104..110
--- diagnostics ---
SC0139 @0..5 the declaration is written `interface`
