---
source: crates/science-parser/tests/migration.rs
expression: parse_source_allowing_errors(source)
---
Module @0..97
  Fn `f` @0..96
    params
      Param `a` @6..12
        type: Path `Int` @9..12
      Param `b` @14..20
        type: Path `Int` @17..20
    ret: Path `Bool` @25..29
    body: Block @35..96
      Let `same` @35..53
        value: Binary `==` @47..53
          lhs: Path `a` @47..48
          rhs: Path `b` @52..53
      Let `other` @58..77
        value: Binary `==` @71..77
          lhs: Path `a` @71..72
          rhs: Path `b` @76..77
      tail: Binary `and` @82..96
        lhs: Path `same` @82..86
        rhs: Path `other` @91..96
--- diagnostics ---
(none)
