---
source: crates/science-parser/tests/migration.rs
expression: parse_source_allowing_errors(source)
---
Module @0..33
  Fn `main` @0..32
    body: Block @16..32
      tail: Call @16..32
        callee: Path `print` @16..23
        args
          Str "hello" @24..31
--- diagnostics ---
SC0144 @16..23 the free function is `print`
  note `print` writes a newline; `write` is the form that does not
