---
source: crates/science-parser/tests/migration.rs
expression: parse_source_allowing_errors(source)
---
Module @0..113
  Fn `f` @0..112
    params
      Param `rows` @6..33
        type: Borrowed @12..33
          Path `Array` @21..33
            generics of `Array`
              Path `Int` @30..33
    body: Block @40..112
      For @40..76
        pattern: Binding `row` @49..52
        iter: Path `rows` @56..60
        body: Block @70..76
          tail: Call @70..76
            callee: Path `g` @70..71
            args
              Path `row` @72..75
      tail: For @81..112
        pattern: Binding `row` @85..88
        iter: Path `rows` @92..96
        body: Block @106..112
          tail: Call @106..112
            callee: Path `g` @106..107
            args
              Path `row` @108..111
--- diagnostics ---
SC0138 @40..48 the loop is written `for x in xs`
  note `each` names the subject of a call, as in `docs.map(each.title)`, and nothing else
