---
source: crates/science-parser/tests/parse_exprs.rs
expression: "parse_body(\"def titles(docs: Array[Doc]) -> Array[String]:\n    docs\n        .iterate()\n        .map(each.title)\n        .collect()\n\")"
---
Block @51..118
  tail: Method `collect` @51..118
    receiver: Method `map` @51..99
      receiver: Method `iterate` @51..74
        receiver: Path `docs` @51..55
      args
        Closure @88..98
          body: Field `title` @88..98
            base: Each @88..92
--- diagnostics ---
(none)
