---
source: crates/science-parser/tests/parse_traits.rs
expression: "parse_source(r#\"function f of T() -> T where T: A + B:\n    body()\n\"#)"
---
Module @0..50
  Fn `f` @0..49
    generics
      TypeParam `T` @14..15
    ret: Path `T` @21..22
    where
      Predicate @29..37
        type: Path `T` @29..30
        bounds
          Bound `A` @32..33
          Bound `B` @36..37
    body: Block @43..49
      tail: Call @43..49
        callee: Path `body` @43..47
--- diagnostics ---
(none)
