---
source: crates/science-parser/tests/parse_traits.rs
expression: "parse_source(r#\"Note implements IntoTitle:\n    def into_title(self: Self) -> String:\n        self.text\n\"#)"
---
Module @0..87
  Implements @0..86
    interface: Bound `IntoTitle` @16..25
    type: Path `Note` @0..4
    methods
      Fn `into_title` @31..86
        receiver: self: Self @46..56
        ret: Path `String` @61..67
        body: Block @77..86
          tail: Field `text` @77..86
            base: Self @77..81
--- diagnostics ---
(none)
