---
source: crates/science-parser/tests/parse_traits.rs
expression: "parse_source(r#\"interface Shape:\n    def area(self) -> Int\n    def scale(mutable self) -> Int\n    def consume(self: Self) -> Int\n\"#)"
---
Module @0..113
  Interface `Shape` @0..112
    methods
      Fn `area` @21..42
        receiver: self @30..34
        ret: Path `Int` @39..42
      Fn `scale` @47..77
        receiver: mutable self @57..69
        ret: Path `Int` @74..77
      Fn `consume` @82..112
        receiver: self: Self @94..104
        ret: Path `Int` @109..112
--- diagnostics ---
(none)
