---
source: crates/science-parser/tests/parse_extern.rs
expression: "parse_source_allowing_errors(r#\"unsafe extern \"C\" library \"cudnn\":\n    def scale(alpha: F16, out: mutable borrowed F16, buffer: ffi.Span of BF16) -> BF16\n\"#)"
---
Module @0..122
  Extern "C" unsafe @0..121
    Library "cudnn" @18..33
    items
      ExternFn `scale` @39..121
        params
          Param `alpha` @49..59
            type: Path `F16` @56..59
          Param `out` @61..86
            type: Borrowed mutable @66..86
              Path `F16` @83..86
          Param `buffer` @88..112
            type: Path `ffi.Span` @96..112
              generics of `Span`
                Path `BF16` @108..112
        ret: Path `BF16` @117..121
--- diagnostics ---
SC0431 @56..59 `F16` cannot be passed by value across the C boundary
  note `_Float16` is passed differently by GCC, Clang and MSVC, and CUDA's `__half` is a struct around an `unsigned short`
  note pass it by reference — `borrowed F16`, or `ffi.Span of F16` — or as the `U16` bit pattern the callee reinterprets
SC0431 @117..121 `BF16` cannot be passed by value across the C boundary
  note `_Float16` is passed differently by GCC, Clang and MSVC, and CUDA's `__half` is a struct around an `unsigned short`
  note pass it by reference — `borrowed F16`, or `ffi.Span of F16` — or as the `U16` bit pattern the callee reinterprets
