---
source: crates/science-parser/tests/parse_extern.rs
expression: parse_source(source)
---
Module @1138..9389
  Extern "C" unsafe @1138..2982
    Library "openblas" @1156..1200
      pkg-config: Str "openblas" @1190..1200
    items
      ExternAlias `CblasLayout` @1263..1287
        type: Path `CInt` @1283..1287
      ExternAlias `CblasTranspose` @1292..1319
        type: Path `CInt` @1315..1319
      ExternConst `CBLAS_ROW_MAJOR` @1395..1438
        value: Int 101
        type: Path `CblasLayout` @1427..1438
      ExternConst `CBLAS_COL_MAJOR` @1443..1486
        value: Int 102
        type: Path `CblasLayout` @1475..1486
      ExternConst `CBLAS_NO_TRANS` @1491..1536
        value: Int 111
        type: Path `CblasTranspose` @1522..1536
      ExternConst `CBLAS_TRANS` @1541..1583
        value: Int 112
        type: Path `CblasTranspose` @1569..1583
      ExternAlias `BlasInt` @1856..1875
        type: Path `I32` @1872..1875
      ExternFn `cblas_dgemm` @2096..2437
        params
          Param `layout` @2121..2140
            type: Path `CblasLayout` @2129..2140
          Param `transpose_a` @2150..2177
            type: Path `CblasTranspose` @2163..2177
          Param `transpose_b` @2187..2214
            type: Path `CblasTranspose` @2200..2214
          Param `m` @2224..2234
            type: Path `BlasInt` @2227..2234
          Param `n` @2236..2246
            type: Path `BlasInt` @2239..2246
          Param `k` @2248..2258
            type: Path `BlasInt` @2251..2258
          Param `alpha` @2268..2278
            type: Path `F64` @2275..2278
          Param `a` @2288..2306
            type: Path `ffi.Span` @2291..2306
              generics of `Span`
                Path `F64` @2303..2306
          Param `lda` @2308..2320
            type: Path `BlasInt` @2313..2320
          Param `b` @2330..2348
            type: Path `ffi.Span` @2333..2348
              generics of `Span`
                Path `F64` @2345..2348
          Param `ldb` @2350..2362
            type: Path `BlasInt` @2355..2362
          Param `beta` @2372..2381
            type: Path `F64` @2378..2381
          Param `c` @2391..2416
            type: Path `ffi.MutableSpan` @2394..2416
              generics of `MutableSpan`
                Path `F64` @2413..2416
          Param `ldc` @2418..2430
            type: Path `BlasInt` @2423..2430
      ExternFn `cblas_zdotu_sub` @2576..2776
        params
          Param `n` @2605..2615
            type: Path `BlasInt` @2608..2615
          Param `x` @2625..2653
            type: Path `ffi.Span` @2628..2653
              generics of `Span`
                Path `ffi.Complex64` @2640..2653
          Param `incx` @2655..2668
            type: Path `BlasInt` @2661..2668
          Param `y` @2678..2706
            type: Path `ffi.Span` @2681..2706
              generics of `Span`
                Path `ffi.Complex64` @2693..2706
          Param `incy` @2708..2721
            type: Path `BlasInt` @2714..2721
          Param `result` @2731..2769
            type: Borrowed mutable @2739..2769
              Path `ffi.Complex64` @2756..2769
      ExternFn `cblas_cdotu_sub` @2782..2982
        params
          Param `n` @2811..2821
            type: Path `BlasInt` @2814..2821
          Param `x` @2831..2859
            type: Path `ffi.Span` @2834..2859
              generics of `Span`
                Path `ffi.Complex32` @2846..2859
          Param `incx` @2861..2874
            type: Path `BlasInt` @2867..2874
          Param `y` @2884..2912
            type: Path `ffi.Span` @2887..2912
              generics of `Span`
                Path `ffi.Complex32` @2899..2912
          Param `incy` @2914..2927
            type: Path `BlasInt` @2920..2927
          Param `result` @2937..2975
            type: Borrowed mutable @2945..2975
              Path `ffi.Complex32` @2962..2975
  Extern "C" unsafe @3219..3484
    Library "openblas64_" static @3237..3270
    items
      ExternAlias `BlasInt64` @3276..3297
        type: Path `I64` @3294..3297
      ExternFn `dgemm_lp64` @3303..3484
        params
          Param `m` @3327..3339
            type: Path `BlasInt64` @3330..3339
          Param `n` @3341..3353
            type: Path `BlasInt64` @3344..3353
          Param `k` @3355..3367
            type: Path `BlasInt64` @3358..3367
          Param `a` @3377..3395
            type: Path `ffi.Span` @3380..3395
              generics of `Span`
                Path `F64` @3392..3395
          Param `b` @3405..3423
            type: Path `ffi.Span` @3408..3423
              generics of `Span`
                Path `F64` @3420..3423
          Param `c` @3433..3458
            type: Path `ffi.MutableSpan` @3436..3458
              generics of `MutableSpan`
                Path `F64` @3455..3458
        symbol: Str "dgemm_64_" @3473..3484
  Extern "C" unsafe @3868..4918
    Library "hdf5" @3886..3922
      pkg-config: Str "hdf5" @3916..3922
    items
      ExternAlias `Hid` @3928..3943
        type: Path `I64` @3940..3943
      ExternAlias `Herr` @3948..3964
        type: Path `I32` @3961..3964
      ExternConst `H5F_ACC_TRUNC` @3970..4003
        value: Int 2
        type: Path `CUInt` @3998..4003
      ExternConst `H5P_DEFAULT` @4008..4037
        value: Int 0
        type: Path `Hid` @4034..4037
      ExternConst `H5I_BADID` negative @4042..4070
        value: Int 1
        type: Path `Hid` @4067..4070
      ExternFn `H5open` @4076..4096
        ret: Path `Herr` @4092..4096
      ExternFn `H5Fcreate` @4101..4216
        params
          Param `name` @4124..4138
            type: Path `ffi.CStr` @4130..4138
          Param `flags` @4148..4160
            type: Path `CUInt` @4155..4160
          Param `create` @4170..4181
            type: Path `Hid` @4178..4181
          Param `access` @4191..4202
            type: Path `Hid` @4199..4202
        ret: Path `Hid` @4213..4216
      ExternFn `H5Fclose` @4221..4252
        params
          Param `file` @4234..4243
            type: Path `Hid` @4240..4243
        ret: Path `Herr` @4248..4252
      ExternStatic `H5T_NATIVE_DOUBLE_g` @4258..4289
        type: Path `Hid` @4286..4289
      ExternStatic `H5T_NATIVE_INT_g` @4294..4322
        type: Path `Hid` @4319..4322
      ExternStatic `H5P_CLS_FILE_ACCESS_ID_g` @4327..4363
        type: Path `Hid` @4360..4363
      ExternUnion `H5L_info2_t` @4721..4755
        size: 32
        align: 8
      ExternUnion `H5R_ref_t` @4760..4792
        size: 64
        align: 8
      ExternFn `H5Rget_type` @4798..4852
        params
          Param `reference` @4814..4843
            type: Borrowed @4825..4843
              Path `H5R_ref_t` @4834..4843
        ret: Path `CInt` @4848..4852
      ExternFn `H5Rdestroy` @4857..4918
        params
          Param `reference` @4872..4909
            type: Borrowed mutable @4883..4909
              Path `H5R_ref_t` @4900..4909
        ret: Path `Herr` @4914..4918
  Extern "C" unsafe @5277..5609
    Library "cudnn" when-available @5295..5325
    items
      ExternAlias `CudnnStatus` @5331..5355
        type: Path `CInt` @5351..5355
      ExternConst `CUDNN_STATUS_SUCCESS` @5360..5406
        value: Int 0
        type: Path `CudnnStatus` @5395..5406
      ExternFn `cudnnGetVersion` @5412..5443
        ret: Path `CSizeT` @5437..5443
      ExternFn `cudnnCreate` @5448..5552
        params
          Param `handle` @5473..5530
            type: Borrowed mutable @5481..5530
              Path `ffi.Uninitialized` @5498..5530
                generics of `Uninitialized`
                  Path `CudnnHandle` @5519..5530
        ret: Path `CudnnStatus` @5541..5552
      ExternFn `cudnnDestroy` @5557..5609
        params
          Param `handle` @5574..5593
            type: Path `CudnnHandle` @5582..5593
        ret: Path `CudnnStatus` @5598..5609
  Record `CudnnHandle` @6065..6108
    fields
      Field `raw` @6087..6108
        type: Path `ffi.OpaqueHandle` @6092..6108
  Implements @6110..6144
    interface: Bound `ffi.CLayout` @6133..6144
    type: Path `CudnnHandle` @6110..6121
  Record `H5ErrorCode` @6418..6449
    fields
      Field `raw` @6440..6449
        type: Path `CInt` @6445..6449
  Implements @6451..6485
    interface: Bound `ffi.CLayout` @6474..6485
    type: Path `H5ErrorCode` @6451..6462
  Choice `BlasError` public @6569..6626
    variants
      Variant `Shape` @6598..6613
        payload
          Path `Int` @6604..6607
          Path `Int` @6609..6612
      Variant `Overflow` @6618..6626
  Record `MatrixView` @6628..6718
    fields
      Field `data` @6649..6670
        type: Path `ffi.Span` @6655..6670
          generics of `Span`
            Path `F64` @6667..6670
      Field `rows` @6675..6684
        type: Path `Int` @6681..6684
      Field `columns` @6689..6701
        type: Path `Int` @6698..6701
      Field `leading` @6706..6718
        type: Path `Int` @6715..6718
  Fn `gemm` public @7327..8474
    params
      Param `a` @7348..7370
        type: Borrowed @7351..7370
          Path `MatrixView` @7360..7370
      Param `b` @7376..7398
        type: Borrowed @7379..7398
          Path `MatrixView` @7388..7398
      Param `c` @7404..7434
        type: Borrowed mutable @7407..7434
          Path `MatrixView` @7424..7434
      Param `alpha` @7440..7450
        type: Path `F64` @7447..7450
      Param `beta` @7456..7465
        type: Path `F64` @7462..7465
    ret: Nullable @7471..7481
      Path `BlasError` @7471..7480
    body: Block @7487..8474
      If @7487..7564
        cond: Binary `!=` @7490..7513
          lhs: Field `columns` @7490..7499
            base: Path `a` @7490..7491
          rhs: Field `rows` @7507..7513
            base: Path `b` @7507..7508
        then: Block @7523..7564
          Return @7523..7564
            value: Method `Shape` @7530..7564
              receiver: Path `BlasError` @7530..7539
              args
                Field `columns` @7546..7555
                  base: Path `a` @7546..7547
                Field `rows` @7557..7563
                  base: Path `b` @7557..7558
      If @7569..7647
        cond: Binary `or` @7572..7612
          lhs: Binary `<` @7572..7590
            lhs: Field `leading` @7572..7581
              base: Path `a` @7572..7573
            rhs: Field `rows` @7584..7590
              base: Path `a` @7584..7585
          rhs: Binary `<` @7594..7612
            lhs: Field `leading` @7594..7603
              base: Path `b` @7594..7595
            rhs: Field `rows` @7606..7612
              base: Path `b` @7606..7607
        then: Block @7622..7647
          Return @7622..7647
            value: Field `Overflow` @7629..7647
              base: Path `BlasError` @7629..7638
      Unsafe @7653..8465
        body: Block @8026..8465
          tail: StructLit `cblas_dgemm` @8026..8465
            fields
              FieldInit `layout` @8051..8074
                value: Path `CBLAS_COL_MAJOR` @8059..8074
              FieldInit `transpose_a` @8088..8115
                value: Path `CBLAS_NO_TRANS` @8101..8115
              FieldInit `transpose_b` @8129..8156
                value: Path `CBLAS_NO_TRANS` @8142..8156
              FieldInit `m` @8170..8190
                value: Cast @8173..8190
                  expr: Field `rows` @8173..8179
                    base: Path `a` @8173..8174
                  type: Path `BlasInt` @8183..8190
              FieldInit `n` @8204..8227
                value: Cast @8207..8227
                  expr: Field `columns` @8207..8216
                    base: Path `b` @8207..8208
                  type: Path `BlasInt` @8220..8227
              FieldInit `k` @8241..8264
                value: Cast @8244..8264
                  expr: Field `columns` @8244..8253
                    base: Path `a` @8244..8245
                  type: Path `BlasInt` @8257..8264
              FieldInit `alpha` @8278..8290
                value: Path `alpha` @8285..8290
              FieldInit `a` @8304..8313
                value: Field `data` @8307..8313
                  base: Path `a` @8307..8308
              FieldInit `lda` @8315..8340
                value: Cast @8320..8340
                  expr: Field `leading` @8320..8329
                    base: Path `a` @8320..8321
                  type: Path `BlasInt` @8333..8340
              FieldInit `b` @8354..8363
                value: Field `data` @8357..8363
                  base: Path `b` @8357..8358
              FieldInit `ldb` @8365..8390
                value: Cast @8370..8390
                  expr: Field `leading` @8370..8379
                    base: Path `b` @8370..8371
                  type: Path `BlasInt` @8383..8390
              FieldInit `beta` @8404..8414
                value: Path `beta` @8410..8414
              FieldInit `c` @8428..8437
                value: Field `data` @8431..8437
                  base: Path `c` @8431..8432
              FieldInit `ldc` @8439..8464
                value: Cast @8444..8464
                  expr: Field `leading` @8444..8453
                    base: Path `c` @8444..8445
                  type: Path `BlasInt` @8457..8464
      tail: Null @8470..8474
  Fn `native_double_type` public @8979..9185
    ret: Tuple @9014..9031
      Path `Hid` @9015..9018
      Nullable @9020..9030
        Path `BlasError` @9020..9029
    body: Block @9037..9185
      tail: Unsafe @9037..9185
        body: Block @9053..9185
          Let `opened` @9053..9075
            value: Call @9067..9075
              callee: Path `H5open` @9067..9073
          tail: Call @9084..9185
            callee: If @9084..9149
              cond: Binary `<` @9087..9097
                lhs: Path `opened` @9087..9093
                rhs: Int 0 @9096..9097
              then: Block @9111..9149
                Return @9111..9149
                  value: Tuple @9118..9149
                    Path `H5I_BADID` @9119..9128
                    Field `Overflow` @9130..9148
                      base: Path `BlasError` @9130..9139
            args
              Path `H5T_NATIVE_DOUBLE_g` @9159..9178
              Null @9180..9184
  Fn `cudnn_version` public @9309..9388
    ret: Path `Int` @9339..9342
    body: Block @9348..9388
      tail: Unsafe @9348..9388
        body: Block @9364..9388
          tail: Cast @9364..9388
            expr: Call @9364..9381
              callee: Path `cudnnGetVersion` @9364..9379
            type: Path `Int` @9385..9388
--- diagnostics ---
(none)
