---
source: crates/science-parser/tests/parse_script.rs
expression: "parse_source_allowing_errors(r#\"print(\"run\")\n\n## Runs the thing.\ntool main():\n    print(\"again\")\n\"#)"
---
Module @0..65
  Tool `main` @33..64
    body: Block @50..64
      tail: Call @50..64
        callee: Path `print` @50..55
        args
          Str "again" @56..63
--- diagnostics ---
SC0117 @38..42 this file has top-level statements and also declares `main`
  note @0..12 the top-level statements start here, and are already a `main`
  note a file whose top level holds statements is a script: the statements are the program, and the compiler writes the `main` that runs them
  note move the statements into `main`, or delete `main` and let the statements be the script
