---
source: crates/science-parser/tests/parse_exprs.rs
expression: "parse_source_allowing_errors(\"def f(flag: Bool) -> Int:\\n    if flag:\\n\")"
---
Module @0..39
  Fn `f` @0..38
    params
      Param `flag` @6..16
        type: Path `Bool` @12..16
    ret: Path `Int` @21..24
    body: Block @30..38
      tail: If @30..38
        cond: Path `flag` @33..37
        then: Block @39..39
--- diagnostics ---
SC0100 @39..39 expected an indented block after `:`, found the end of a block
