---
source: crates/science-parser/tests/parse_exprs.rs
expression: "parse_source(r#\"function describe(format: borrowed Format) -> String:\n    match format:\n        Plain: \"plain\"\n        Markdown:\n            let prefix be \"marked\"\n            prefix.append(\"down\")\n\"#)"
---
Module @0..182
  Fn `describe` @0..181
    params
      Param `format` @18..41
        type: Borrowed @26..41
          Path `Format` @35..41
    ret: Path `String` @46..52
    body: Block @58..181
      tail: Match @58..181
        scrutinee: Path `format` @64..70
        arms
          Arm @80..94
            pattern: Binding `Plain` @80..85
            body: Str "plain" @87..94
          Arm @103..181
            pattern: Binding `Markdown` @103..111
            body: Block @125..181
              Let `prefix` @125..147
                value: Str "marked" @139..147
              tail: Method `append` @160..181
                receiver: Path `prefix` @160..166
                args
                  Str "down" @174..180
--- diagnostics ---
(none)
