---
source: crates/science-parser/tests/parse_exprs.rs
expression: "parse_source_allowing_errors(\"fn f():\\n    f()(title: 1)\\n\")"
---
Module @0..26
  Fn `f` @0..25
    body: Block @12..25
      tail: Error @12..25
--- diagnostics ---
SC0110 @15..16 named arguments construct a struct, so they need a struct's name in front of them
