---
source: crates/science-parser/tests/parse_traits.rs
expression: "parse_source(r#\"Pair of (A, B) implements Swap:\n    type Swapped is Pair of (B, A)\n\n    function swapped(self: Self) -> Self.Swapped:\n        Pair(first: self.second, second: self.first)\n\"#)"
---
Module @0..171
  Implements @0..170
    generics
      TypeParam `A` @9..10
      TypeParam `B` @12..13
    interface: Bound `Swap` @26..30
    type: Path `Pair` @0..4
      generics of `Pair`
        Path `A` @9..10
        Path `B` @12..13
    assoc types
      AssocType `Swapped` @36..66
        type: Path `Pair` @52..66
          generics of `Pair`
            Path `B` @61..62
            Path `A` @64..65
    methods
      Fn `swapped` @72..170
        receiver: self: Self @89..99
        ret: SelfAssoc `Swapped` @104..116
        body: Block @126..170
          tail: StructLit `Pair` @126..170
            fields
              FieldInit `first` @131..149
                value: Field `second` @138..149
                  base: Self @138..142
              FieldInit `second` @151..169
                value: Field `first` @159..169
                  base: Self @159..163
--- diagnostics ---
(none)
