---
source: crates/science-parser/tests/parse_exprs.rs
expression: "parse_source(\"def longest(a: &String, b: &String) -> &String:\\n    if a.length() > b.length(): a else: b\\n\")"
---
Module @0..90
  Fn `longest` @0..89
    params
      Param `a` @12..22
        type: Borrowed @15..22
          Path `String` @16..22
      Param `b` @24..34
        type: Borrowed @27..34
          Path `String` @28..34
    ret: Borrowed @39..46
      Path `String` @40..46
    body: Block @52..89
      tail: If @52..89
        cond: Binary `>` @55..78
          lhs: Method `length` @55..65
            receiver: Path `a` @55..56
          rhs: Method `length` @68..78
            receiver: Path `b` @68..69
        then: Block @80..81
          tail: Path `a` @80..81
        else: Block @88..89
          tail: Path `b` @88..89
--- diagnostics ---
(none)
