---
source: crates/science-parser/tests/parse_exprs.rs
expression: "parse_source(r#\"def main():\n    let a be f(\n        1,\n        2,\n    )\n    let b be Doc(\n        title: \"a\",\n    )\n    let c be (1, 2,)\n\"#)"
---
Module @0..121
  Fn `main` @0..120
    body: Block @16..120
      Let `a` @16..55
        value: Call @25..55
          callee: Path `f` @25..26
          args
            Int 1 @36..37
            Int 2 @47..48
      Let `b` @60..99
        value: StructLit `Doc` @69..99
          fields
            FieldInit `title` @82..92
              value: Str "a" @89..92
      Let `c` @104..120
        value: Tuple @113..120
          Int 1 @114..115
          Int 2 @117..118
--- diagnostics ---
(none)
