---
source: crates/science-parser/tests/parse_exprs.rs
expression: "parse_source_allowing_errors(\"function f():\\n    if c: let x be 1\\n\")"
---
Module @0..35
  Fn `f` @0..34
    body: Block @18..34
      tail: If @18..34
        cond: Path `c` @21..22
        then: Block @24..34
          Let `x` @24..34
            value: Int 1 @33..34
--- diagnostics ---
SC0109 @24..27 the body of an inline block must be an expression, and a `let` binding is a statement; write the body as an indented block instead
