---
source: crates/science-parser/tests/parse_traits.rs
expression: "parse_source(r#\"Pair of (A, B) implements Summarize where A: Clone, B: Clone:\n    def summarize(self) -> String:\n        \"pair\"\n\"#)"
---
Module @0..112
  Implements @0..111
    generics
      TypeParam `A` @9..10
      TypeParam `B` @12..13
    interface: Bound `Summarize` @26..35
    type: Path `Pair` @0..4
      generics of `Pair`
        Path `A` @9..10
        Path `B` @12..13
    where
      Predicate @42..50
        type: Path `A` @42..43
        bounds
          Bound `Clone` @45..50
      Predicate @52..60
        type: Path `B` @52..53
        bounds
          Bound `Clone` @55..60
    methods
      Fn `summarize` @66..111
        receiver: self @80..84
        ret: Path `String` @89..95
        body: Block @105..111
          tail: Str "pair" @105..111
--- diagnostics ---
(none)
