---
source: crates/science-parser/tests/parse_exprs.rs
expression: "parse_source(r#\"function main():\n    let a be f(\n        1,\n        2,\n    )\n    let b be Doc(\n        title: \"a\",\n    )\n    let c be (1, 2,)\n\"#)"
---
Module @0..126
  Fn `main` @0..125
    body: Block @21..125
      Let `a` @21..60
        value: Call @30..60
          callee: Path `f` @30..31
          args
            Int 1 @41..42
            Int 2 @52..53
      Let `b` @65..104
        value: StructLit `Doc` @74..104
          fields
            FieldInit `title` @87..97
              value: Str "a" @94..97
      Let `c` @109..125
        value: Tuple @118..125
          Int 1 @119..120
          Int 2 @122..123
--- diagnostics ---
(none)
