---
source: crates/science-parser/tests/parse_tools.rs
expression: "parse_source_allowing_errors(\"## Return the largest of the values.\ntool largest of T(values: Array[T]) -> Int:\n    0\n\")"
---
Module @37..87
  Tool `largest` @37..86
    generics
      TypeParam `T` @53..54
    params
      Param `values` @55..71
        type: Path `Array` @63..71
          generics of `Array`
            Path `T` @69..70
    ret: Path `Int` @76..79
    body: Block @85..86
      tail: Int 0 @85..86
--- diagnostics ---
SC0100 @50..52 `of T` is now written `[T]`
