---
source: crates/science-parser/tests/parse_exprs.rs
expression: "parse_source(\"function longest(a: borrowed String, b: borrowed String) -> borrowed String:\\n    if a.length() > b.length(): a else: b\\n\")"
---
Module @0..119
  Fn `longest` @0..118
    params
      Param `a` @17..35
        type: Borrowed @20..35
          Path `String` @29..35
      Param `b` @37..55
        type: Borrowed @40..55
          Path `String` @49..55
    ret: Borrowed @60..75
      Path `String` @69..75
    body: Block @81..118
      tail: If @81..118
        cond: Binary `>` @84..107
          lhs: Method `length` @84..94
            receiver: Path `a` @84..85
          rhs: Method `length` @97..107
            receiver: Path `b` @97..98
        then: Block @109..110
          tail: Path `a` @109..110
        else: Block @117..118
          tail: Path `b` @117..118
--- diagnostics ---
(none)
