---
source: crates/science-parser/tests/parse_traits.rs
expression: "parse_source(r#\"interface Iterate:\n    type Item\n    def next(mutable self) -> Option of Self.Item\n\nCountdown implements Iterate:\n    type Item is Int\n\n    def next(mutable self) -> Option of Self.Item:\n        None\n\"#)"
---
Module @0..200
  Interface `Iterate` @0..82
    assoc types
      AssocType `Item` @23..32
    methods
      Fn `next` @37..82
        receiver: mutable self @46..58
        ret: Path `Option` @63..82
          generics of `Option`
            SelfAssoc `Item` @73..82
  Implements @84..199
    interface: Bound `Iterate` @105..112
    type: Path `Countdown` @84..93
    assoc types
      AssocType `Item` @118..134
        type: Path `Int` @131..134
    methods
      Fn `next` @140..199
        receiver: mutable self @149..161
        ret: Path `Option` @166..185
          generics of `Option`
            SelfAssoc `Item` @176..185
        body: Block @195..199
          tail: Path `None` @195..199
--- diagnostics ---
(none)
