---
source: crates/science-parser/tests/parse_traits.rs
expression: report
---
Module @0..85
  Interface `Iterate` @0..84
    methods
      Fn `next` @44..84
        receiver: mutable self @58..70
        ret: SelfAssoc `Item` @75..84
--- diagnostics ---
SC0112 @23..39 an interface declares an associated type with `type Item` and leaves the type to the implementation
