---
source: crates/science-parser/tests/parse_exprs.rs
expression: "parse_source_allowing_errors(\"def f():\\n    let a be *\\n    let b be 1\\n\")"
---
Module @0..39
  Fn `f` @0..38
    body: Block @13..38
      Let `a` @13..23
        value: Error @22..23
      Let `b` @28..38
        value: Int 1 @37..38
--- diagnostics ---
SC0105 @22..23 expected an expression, found `*`
