---
source: crates/science-parser/tests/parse_traits.rs
expression: "parse_source(r#\"interface Produce:\n    type Output\n    def produce(self) -> Self.Output\n\"#)"
---
Module @0..72
  Interface `Produce` @0..71
    assoc types
      AssocType `Output` @23..34
    methods
      Fn `produce` @39..71
        receiver: self @51..55
        ret: SelfAssoc `Output` @60..71
--- diagnostics ---
(none)
