---
source: crates/science-parser/tests/parse_exprs.rs
expression: "parse_source_allowing_errors(\"fn f(flag: Bool) -> Int:\\n    if flag:\\n\")"
---
Module @0..38
  Fn `f` @0..37
    params
      Param `flag` @5..15
        type: Path `Bool` @11..15
    ret: Path `Int` @20..23
    body: Block @29..37
      tail: If @29..37
        cond: Path `flag` @32..36
        then: Block @38..38
--- diagnostics ---
SC0100 @38..38 expected an indented block after `:`, found the end of a block
