---
source: crates/science-parser/tests/parse_extern.rs
expression: "parse_source_allowing_errors(r#\"extern \"C\" library \"z\":\n    def crc32(crc: CULong) -> CULong\n\"#)"
---
Module @0..61
  Extern "C" @0..60
    Library "z" @11..22
    items
      ExternFn `crc32` @28..60
        params
          Param `crc` @38..49
            type: Path `CULong` @43..49
        ret: Path `CULong` @54..60
--- diagnostics ---
SC0414 @0..6 an `extern` block is written `unsafe extern`
  note the declaration claims a symbol of this name exists, takes these arguments at these widths, and neither retains nor frees the pointers it is given — none of which the compiler can see
