---
source: crates/science-parser/tests/parse_extern.rs
expression: parse_source(source)
---
Module @809..3450
  Extern "C" unsafe @809..1705
    Library "openblas" @827..871
      pkg-config: Str "openblas" @861..871
    items
      ExternAlias `CblasLayout` @878..902
        type: Path `CInt` @898..902
      ExternConst `CBLAS_ROW_MAJOR` @907..950
        value: Int 101
        type: Path `CblasLayout` @939..950
      ExternConst `CBLAS_COL_MAJOR` @955..998
        value: Int 102
        type: Path `CblasLayout` @987..998
      ExternAlias `CblasTranspose` @1004..1031
        type: Path `CInt` @1027..1031
      ExternConst `CBLAS_NO_TRANS` @1036..1081
        value: Int 111
        type: Path `CblasTranspose` @1067..1081
      ExternConst `CBLAS_TRANS` @1086..1128
        value: Int 112
        type: Path `CblasTranspose` @1114..1128
      ExternAlias `BlasInt` @1334..1353
        type: Path `I32` @1350..1353
      ExternFn `cblas_dgemm` @1359..1705
        params
          Param `layout` @1389..1408
            type: Path `CblasLayout` @1397..1408
          Param `transpose_a` @1418..1445
            type: Path `CblasTranspose` @1431..1445
          Param `transpose_b` @1455..1482
            type: Path `CblasTranspose` @1468..1482
          Param `m` @1492..1502
            type: Path `BlasInt` @1495..1502
          Param `n` @1504..1514
            type: Path `BlasInt` @1507..1514
          Param `k` @1516..1526
            type: Path `BlasInt` @1519..1526
          Param `alpha` @1536..1546
            type: Path `F64` @1543..1546
          Param `a` @1556..1574
            type: Path `ffi.Span` @1559..1574
              generics of `Span`
                Path `F64` @1571..1574
          Param `lda` @1576..1588
            type: Path `BlasInt` @1581..1588
          Param `b` @1598..1616
            type: Path `ffi.Span` @1601..1616
              generics of `Span`
                Path `F64` @1613..1616
          Param `ldb` @1618..1630
            type: Path `BlasInt` @1623..1630
          Param `beta` @1640..1649
            type: Path `F64` @1646..1649
          Param `c` @1659..1684
            type: Path `ffi.MutableSpan` @1662..1684
              generics of `MutableSpan`
                Path `F64` @1681..1684
          Param `ldc` @1686..1698
            type: Path `BlasInt` @1691..1698
  Record `MatrixView` @1707..1797
    fields
      Field `data` @1728..1749
        type: Path `ffi.Span` @1734..1749
          generics of `Span`
            Path `F64` @1746..1749
      Field `rows` @1754..1763
        type: Path `Int` @1760..1763
      Field `columns` @1768..1780
        type: Path `Int` @1777..1780
      Field `leading` @1785..1797
        type: Path `Int` @1794..1797
  Choice `BlasError` public @1857..1935
    variants
      Variant `Shape` @1886..1901
        payload
          Path `Int` @1892..1895
          Path `Int` @1897..1900
      Variant `Stride` @1906..1922
        payload
          Path `Int` @1913..1916
          Path `Int` @1918..1921
      Variant `Overflow` @1927..1935
  Fn `gemm` public @1937..3148
    params
      Param `a` @1967..1989
        type: Borrowed @1970..1989
          Path `MatrixView` @1979..1989
      Param `b` @1999..2021
        type: Borrowed @2002..2021
          Path `MatrixView` @2011..2021
      Param `c` @2031..2061
        type: Borrowed mutable @2034..2061
          Path `MatrixView` @2051..2061
      Param `alpha` @2071..2081
        type: Path `F64` @2078..2081
      Param `beta` @2091..2100
        type: Path `F64` @2097..2100
    ret: Tuple @2105..2121
      Unit @2106..2108
      Nullable @2110..2120
        Path `BlasError` @2110..2119
    body: Block @2128..3148
      If @2128..2211
        cond: Binary `!=` @2131..2154
          lhs: Field `columns` @2131..2140
            base: Path `a` @2131..2132
          rhs: Field `rows` @2148..2154
            base: Path `b` @2148..2149
        then: Block @2164..2211
          Return @2164..2211
            value: Tuple @2171..2211
              Unit @2172..2174
              Method `Shape` @2176..2210
                receiver: Path `BlasError` @2176..2185
                args
                  Field `columns` @2192..2201
                    base: Path `a` @2192..2193
                  Field `rows` @2203..2209
                    base: Path `b` @2203..2204
      If @2216..2323
        cond: Binary `or` @2219..2269
          lhs: Binary `!=` @2219..2239
            lhs: Field `rows` @2219..2225
              base: Path `c` @2219..2220
            rhs: Field `rows` @2233..2239
              base: Path `a` @2233..2234
          rhs: Binary `!=` @2243..2269
            lhs: Field `columns` @2243..2252
              base: Path `c` @2243..2244
            rhs: Field `columns` @2260..2269
              base: Path `b` @2260..2261
        then: Block @2279..2323
          Return @2279..2323
            value: Tuple @2286..2323
              Unit @2287..2289
              Method `Shape` @2291..2322
                receiver: Path `BlasError` @2291..2300
                args
                  Field `rows` @2307..2313
                    base: Path `c` @2307..2308
                  Field `rows` @2315..2321
                    base: Path `a` @2315..2316
      Let `checked_a, err_a` @2404..2448
        value: Call @2428..2448
          callee: Path `covers` @2428..2434
          args
            Path `a` @2435..2436
            Field `columns` @2438..2447
              base: Path `a` @2438..2439
      If @2453..2490
        cond: Present @2456..2462
          Path `err_a` @2456..2461
        then: Block @2472..2490
          Return @2472..2490
            value: Tuple @2479..2490
              Unit @2480..2482
              Path `err_a` @2484..2489
      Let `checked_b, err_b` @2495..2539
        value: Call @2519..2539
          callee: Path `covers` @2519..2525
          args
            Path `b` @2526..2527
            Field `columns` @2529..2538
              base: Path `b` @2529..2530
      If @2544..2581
        cond: Present @2547..2553
          Path `err_b` @2547..2552
        then: Block @2563..2581
          Return @2563..2581
            value: Tuple @2570..2581
              Unit @2571..2573
              Path `err_b` @2575..2580
      Let `checked_c, err_c` @2586..2630
        value: Call @2610..2630
          callee: Path `covers` @2610..2616
          args
            Path `c` @2617..2618
            Field `columns` @2620..2629
              base: Path `c` @2620..2621
      If @2635..2672
        cond: Present @2638..2644
          Path `err_c` @2638..2643
        then: Block @2654..2672
          Return @2654..2672
            value: Tuple @2661..2672
              Unit @2662..2664
              Path `err_c` @2666..2671
      tail: Call @2678..3148
        callee: Unsafe @2678..3133
          body: Block @2694..3133
            tail: StructLit `cblas_dgemm` @2694..3133
              fields
                FieldInit `layout` @2719..2742
                  value: Path `CBLAS_COL_MAJOR` @2727..2742
                FieldInit `transpose_a` @2756..2783
                  value: Path `CBLAS_NO_TRANS` @2769..2783
                FieldInit `transpose_b` @2797..2824
                  value: Path `CBLAS_NO_TRANS` @2810..2824
                FieldInit `m` @2838..2858
                  value: Cast @2841..2858
                    expr: Field `rows` @2841..2847
                      base: Path `a` @2841..2842
                    type: Path `BlasInt` @2851..2858
                FieldInit `n` @2872..2895
                  value: Cast @2875..2895
                    expr: Field `columns` @2875..2884
                      base: Path `b` @2875..2876
                    type: Path `BlasInt` @2888..2895
                FieldInit `k` @2909..2932
                  value: Cast @2912..2932
                    expr: Field `columns` @2912..2921
                      base: Path `a` @2912..2913
                    type: Path `BlasInt` @2925..2932
                FieldInit `alpha` @2946..2958
                  value: Path `alpha` @2953..2958
                FieldInit `a` @2972..2981
                  value: Field `data` @2975..2981
                    base: Path `a` @2975..2976
                FieldInit `lda` @2983..3008
                  value: Cast @2988..3008
                    expr: Field `leading` @2988..2997
                      base: Path `a` @2988..2989
                    type: Path `BlasInt` @3001..3008
                FieldInit `b` @3022..3031
                  value: Field `data` @3025..3031
                    base: Path `b` @3025..3026
                FieldInit `ldb` @3033..3058
                  value: Cast @3038..3058
                    expr: Field `leading` @3038..3047
                      base: Path `b` @3038..3039
                    type: Path `BlasInt` @3051..3058
                FieldInit `beta` @3072..3082
                  value: Path `beta` @3078..3082
                FieldInit `c` @3096..3105
                  value: Field `data` @3099..3105
                    base: Path `c` @3099..3100
                FieldInit `ldc` @3107..3132
                  value: Cast @3112..3132
                    expr: Field `leading` @3112..3121
                      base: Path `c` @3112..3113
                    type: Path `BlasInt` @3125..3132
        args
          Unit @3139..3141
          Null @3143..3147
  Fn `covers` @3150..3449
    params
      Param `m` @3166..3188
        type: Borrowed @3169..3188
          Path `MatrixView` @3178..3188
      Param `columns` @3190..3202
        type: Path `Int` @3199..3202
    ret: Tuple @3207..3223
      Unit @3208..3210
      Nullable @3212..3222
        Path `BlasError` @3212..3221
    body: Block @3229..3449
      Let `needed` @3229..3277
        value: Binary `+` @3243..3277
          lhs: Binary `*` @3243..3268
            lhs: Field `leading` @3243..3252
              base: Path `m` @3243..3244
            rhs: Binary `-` @3256..3267
              lhs: Path `columns` @3256..3263
              rhs: Int 1 @3266..3267
          rhs: Field `rows` @3271..3277
            base: Path `m` @3271..3272
      If @3282..3361
        cond: Binary `<` @3285..3303
          lhs: Field `leading` @3285..3294
            base: Path `m` @3285..3286
          rhs: Field `rows` @3297..3303
            base: Path `m` @3297..3298
        then: Block @3313..3361
          Return @3313..3361
            value: Tuple @3320..3361
              Unit @3321..3323
              Method `Stride` @3325..3360
                receiver: Path `BlasError` @3325..3334
                args
                  Field `leading` @3342..3351
                    base: Path `m` @3342..3343
                  Field `rows` @3353..3359
                    base: Path `m` @3353..3354
      tail: Call @3366..3449
        callee: If @3366..3434
          cond: Binary `>` @3369..3393
            lhs: Path `needed` @3369..3375
            rhs: Method `length` @3378..3393
              receiver: Field `data` @3378..3384
                base: Path `m` @3378..3379
          then: Block @3403..3434
            Return @3403..3434
              value: Tuple @3410..3434
                Unit @3411..3413
                Field `Overflow` @3415..3433
                  base: Path `BlasError` @3415..3424
        args
          Unit @3440..3442
          Null @3444..3448
--- diagnostics ---
(none)
