---
source: crates/science-parser/tests/parse_traits.rs
expression: "parse_source(r#\"Pair[A, B] implements Swap:\n    type Swapped is Pair[B, A]\n\n    def swapped(self: Self) -> Self.Swapped:\n        Pair(first: self.second, second: self.first)\n\"#)"
---
Module @0..158
  Implements @0..157
    generics
      TypeParam `A` @5..6
      TypeParam `B` @8..9
    interface: Bound `Swap` @22..26
    type: Path `Pair` @0..4
      generics of `Pair`
        Path `A` @5..6
        Path `B` @8..9
    assoc types
      AssocType `Swapped` @32..58
        type: Path `Pair` @48..58
          generics of `Pair`
            Path `B` @53..54
            Path `A` @56..57
    methods
      Fn `swapped` @64..157
        receiver: self: Self @76..86
        ret: SelfAssoc `Swapped` @91..103
        body: Block @113..157
          tail: StructLit `Pair` @113..157
            fields
              FieldInit `first` @118..136
                value: Field `second` @125..136
                  base: Self @125..129
              FieldInit `second` @138..156
                value: Field `first` @146..156
                  base: Self @146..150
--- diagnostics ---
(none)
