---
source: crates/science-parser/tests/parse_stmts.rs
expression: "parse_body(\"def add(a: Int, b: Int) -> Int:\\n    let c be a + b\\n    c\\n\")"
---
Block @36..56
  Let `c` @36..50
    value: Binary `+` @45..50
      lhs: Path `a` @45..46
      rhs: Path `b` @49..50
  tail: Path `c` @55..56
--- diagnostics ---
(none)
