---
source: crates/science-parser/tests/parse_patterns.rs
expression: "parse_body(r#\"function f(p: borrowed Point) -> Int:\n    match p:\n        Point(x: x, y: y): x\n\"#)"
---
Block @42..79
  tail: Match @42..79
    scrutinee: Path `p` @48..49
    arms
      Arm @59..79
        pattern: StructPat `Point` @59..76
          fields
            FieldPat `x` @65..69
              pattern: Binding `x` @68..69
            FieldPat `y` @71..75
              pattern: Binding `y` @74..75
        body: Path `x` @78..79
--- diagnostics ---
(none)
