---
source: crates/science-parser/tests/parse_items.rs
expression: parse_source_allowing_errors(source)
---
Module @0..63
  Fn `longest` @0..62
    params
      Param `a` @12..30
        type: Borrowed @15..30
          Path `String` @24..30
    ret: Borrowed @40..55
      Path `String` @49..55
    body: Block @61..62
      tail: Path `a` @61..62
--- diagnostics ---
SC0118 @32..39 the return type is written `->`
