---
source: crates/science-parser/tests/parse_items.rs
expression: "parse_report(vec![Function, id(\"f\"), LParen, id(\"a\"), Colon, Borrowed, Any,\nid(\"Summarize\"), Comma, id(\"b\"), Colon, LParen, RParen, Comma, id(\"c\"), Colon,\nLParen, id(\"I32\"), Comma, id(\"Bool\"), RParen, Comma, id(\"d\"), Colon, Mutable,\nBorrowed, id(\"Array\"), Of, id(\"I32\"), Comma, id(\"e\"), Colon, id(\"Box\"), Of,\nAny, id(\"Summarize\"), Comma, id(\"g\"), Colon, Borrowed, SelfType, Comma,\nid(\"h\"), Colon, id(\"text\"), Dot, id(\"parser\"), Dot, id(\"Token\"), RParen,\nColon, id(\"x\"), Newline,])"
---
Module @0..136
  Fn `f` @0..136
    params
      Param `a` @10..32
        type: Borrowed @12..32
          Any @20..32
            Bound `Summarize` @23..32
      Param `b` @33..37
        type: Unit @35..37
      Param `c` @38..50
        type: Tuple @40..50
          Path `I32` @41..44
          Path `Bool` @45..49
      Param `d` @51..78
        type: Borrowed mutable @53..78
          Path `Array` @68..78
            generics of `Array`
              Path `I32` @75..78
      Param `e` @79..98
        type: Path `Box` @81..98
          generics of `Box`
            Any @86..98
              Bound `Summarize` @89..98
      Param `g` @99..113
        type: Borrowed @101..113
          SelfType @109..113
      Param `h` @114..133
        type: Path `text.parser.Token` @116..133
    body: Block @135..136
      tail: Path `x` @135..136
--- diagnostics ---
SC0100 @12..20 `borrowed T` is now written `&T`
SC0100 @53..60 `mutable borrowed T` is now written `&mut T`
SC0100 @73..75 `Array of T` is now written `Array[T]`
SC0100 @84..86 `Box of T` is now written `Box[T]`
SC0100 @101..109 `borrowed T` is now written `&T`
