---
source: crates/science-parser/tests/parse_exprs.rs
expression: "parse_source(r#\"def render(token: &Token, format: &Format) -> String:\n    match token:\n        Number(value):\n            match format:\n                Json: value.json()\n                Plain: value.text()\n        Eof: \"\"\n\"#)"
---
Module @0..207
  Fn `render` @0..206
    params
      Param `token` @11..24
        type: Borrowed @18..24
          Path `Token` @19..24
      Param `format` @26..41
        type: Borrowed @34..41
          Path `Format` @35..41
    ret: Path `String` @46..52
    body: Block @58..206
      tail: Match @58..206
        scrutinee: Path `token` @64..69
        arms
          Arm @79..190
            pattern: Variant `Number` @79..92
              Binding `value` @86..91
            body: Block @106..190
              tail: Match @106..190
                scrutinee: Path `format` @112..118
                arms
                  Arm @136..154
                    pattern: Binding `Json` @136..140
                    body: Method `json` @142..154
                      receiver: Path `value` @142..147
                  Arm @171..190
                    pattern: Binding `Plain` @171..176
                    body: Method `text` @178..190
                      receiver: Path `value` @178..183
          Arm @199..206
            pattern: Binding `Eof` @199..202
            body: Str "" @204..206
--- diagnostics ---
(none)
