---
source: crates/science-parser/tests/parse_stmts.rs
expression: parse_source_allowing_errors(source)
---
Module @0..33
  Fn `main` @0..32
    body: Block @16..32
      Assign @16..21
        target: Path `a` @16..17
        value: Int 3 @20..21
      Assign @26..32
        target: Path `a` @26..27
        value: Int 4 @31..32
--- diagnostics ---
SC0100 @18..19 assignment is written `be`
