---
source: crates/science-parser/tests/parse_extern.rs
expression: parse_source(source)
---
Module @1138..10148
  Extern "C" unsafe @1138..2982
    Library "openblas" @1156..1200
      pkg-config: Str "openblas" @1190..1200
    items
      ExternAlias `CblasLayout` @1263..1287
        type: Path `CInt` @1283..1287
      ExternAlias `CblasTranspose` @1292..1319
        type: Path `CInt` @1315..1319
      ExternConst `CBLAS_ROW_MAJOR` @1395..1438
        value: Int 101
        type: Path `CblasLayout` @1427..1438
      ExternConst `CBLAS_COL_MAJOR` @1443..1486
        value: Int 102
        type: Path `CblasLayout` @1475..1486
      ExternConst `CBLAS_NO_TRANS` @1491..1536
        value: Int 111
        type: Path `CblasTranspose` @1522..1536
      ExternConst `CBLAS_TRANS` @1541..1583
        value: Int 112
        type: Path `CblasTranspose` @1569..1583
      ExternAlias `BlasInt` @1856..1875
        type: Path `I32` @1872..1875
      ExternFn `cblas_dgemm` @2096..2437
        params
          Param `layout` @2121..2140
            type: Path `CblasLayout` @2129..2140
          Param `transpose_a` @2150..2177
            type: Path `CblasTranspose` @2163..2177
          Param `transpose_b` @2187..2214
            type: Path `CblasTranspose` @2200..2214
          Param `m` @2224..2234
            type: Path `BlasInt` @2227..2234
          Param `n` @2236..2246
            type: Path `BlasInt` @2239..2246
          Param `k` @2248..2258
            type: Path `BlasInt` @2251..2258
          Param `alpha` @2268..2278
            type: Path `F64` @2275..2278
          Param `a` @2288..2306
            type: Path `ffi.Span` @2291..2306
              generics of `Span`
                Path `F64` @2303..2306
          Param `lda` @2308..2320
            type: Path `BlasInt` @2313..2320
          Param `b` @2330..2348
            type: Path `ffi.Span` @2333..2348
              generics of `Span`
                Path `F64` @2345..2348
          Param `ldb` @2350..2362
            type: Path `BlasInt` @2355..2362
          Param `beta` @2372..2381
            type: Path `F64` @2378..2381
          Param `c` @2391..2416
            type: Path `ffi.MutableSpan` @2394..2416
              generics of `MutableSpan`
                Path `F64` @2413..2416
          Param `ldc` @2418..2430
            type: Path `BlasInt` @2423..2430
      ExternFn `cblas_zdotu_sub` @2576..2776
        params
          Param `n` @2605..2615
            type: Path `BlasInt` @2608..2615
          Param `x` @2625..2653
            type: Path `ffi.Span` @2628..2653
              generics of `Span`
                Path `ffi.Complex64` @2640..2653
          Param `incx` @2655..2668
            type: Path `BlasInt` @2661..2668
          Param `y` @2678..2706
            type: Path `ffi.Span` @2681..2706
              generics of `Span`
                Path `ffi.Complex64` @2693..2706
          Param `incy` @2708..2721
            type: Path `BlasInt` @2714..2721
          Param `result` @2731..2769
            type: Borrowed mutable @2739..2769
              Path `ffi.Complex64` @2756..2769
      ExternFn `cblas_cdotu_sub` @2782..2982
        params
          Param `n` @2811..2821
            type: Path `BlasInt` @2814..2821
          Param `x` @2831..2859
            type: Path `ffi.Span` @2834..2859
              generics of `Span`
                Path `ffi.Complex32` @2846..2859
          Param `incx` @2861..2874
            type: Path `BlasInt` @2867..2874
          Param `y` @2884..2912
            type: Path `ffi.Span` @2887..2912
              generics of `Span`
                Path `ffi.Complex32` @2899..2912
          Param `incy` @2914..2927
            type: Path `BlasInt` @2920..2927
          Param `result` @2937..2975
            type: Borrowed mutable @2945..2975
              Path `ffi.Complex32` @2962..2975
  Extern "C" unsafe @3219..3484
    Library "openblas64_" static @3237..3270
    items
      ExternAlias `BlasInt64` @3276..3297
        type: Path `I64` @3294..3297
      ExternFn `dgemm_lp64` @3303..3484
        params
          Param `m` @3327..3339
            type: Path `BlasInt64` @3330..3339
          Param `n` @3341..3353
            type: Path `BlasInt64` @3344..3353
          Param `k` @3355..3367
            type: Path `BlasInt64` @3358..3367
          Param `a` @3377..3395
            type: Path `ffi.Span` @3380..3395
              generics of `Span`
                Path `F64` @3392..3395
          Param `b` @3405..3423
            type: Path `ffi.Span` @3408..3423
              generics of `Span`
                Path `F64` @3420..3423
          Param `c` @3433..3458
            type: Path `ffi.MutableSpan` @3436..3458
              generics of `MutableSpan`
                Path `F64` @3455..3458
        symbol: Str "dgemm_64_" @3473..3484
  Extern "C" unsafe @3868..4918
    Library "hdf5" @3886..3922
      pkg-config: Str "hdf5" @3916..3922
    items
      ExternAlias `Hid` @3928..3943
        type: Path `I64` @3940..3943
      ExternAlias `Herr` @3948..3964
        type: Path `I32` @3961..3964
      ExternConst `H5F_ACC_TRUNC` @3970..4003
        value: Int 2
        type: Path `CUInt` @3998..4003
      ExternConst `H5P_DEFAULT` @4008..4037
        value: Int 0
        type: Path `Hid` @4034..4037
      ExternConst `H5I_BADID` negative @4042..4070
        value: Int 1
        type: Path `Hid` @4067..4070
      ExternFn `H5open` @4076..4096
        ret: Path `Herr` @4092..4096
      ExternFn `H5Fcreate` @4101..4216
        params
          Param `name` @4124..4138
            type: Path `ffi.CStr` @4130..4138
          Param `flags` @4148..4160
            type: Path `CUInt` @4155..4160
          Param `create` @4170..4181
            type: Path `Hid` @4178..4181
          Param `access` @4191..4202
            type: Path `Hid` @4199..4202
        ret: Path `Hid` @4213..4216
      ExternFn `H5Fclose` @4221..4252
        params
          Param `file` @4234..4243
            type: Path `Hid` @4240..4243
        ret: Path `Herr` @4248..4252
      ExternStatic `H5T_NATIVE_DOUBLE_g` @4258..4289
        type: Path `Hid` @4286..4289
      ExternStatic `H5T_NATIVE_INT_g` @4294..4322
        type: Path `Hid` @4319..4322
      ExternStatic `H5P_CLS_FILE_ACCESS_ID_g` @4327..4363
        type: Path `Hid` @4360..4363
      ExternUnion `H5L_info2_t` @4721..4755
        size: 32
        align: 8
      ExternUnion `H5R_ref_t` @4760..4792
        size: 64
        align: 8
      ExternFn `H5Rget_type` @4798..4852
        params
          Param `reference` @4814..4843
            type: Borrowed @4825..4843
              Path `H5R_ref_t` @4834..4843
        ret: Path `CInt` @4848..4852
      ExternFn `H5Rdestroy` @4857..4918
        params
          Param `reference` @4872..4909
            type: Borrowed mutable @4883..4909
              Path `H5R_ref_t` @4900..4909
        ret: Path `Herr` @4914..4918
  Extern "C" unsafe @5277..5609
    Library "cudnn" when-available @5295..5325
    items
      ExternAlias `CudnnStatus` @5331..5355
        type: Path `CInt` @5351..5355
      ExternConst `CUDNN_STATUS_SUCCESS` @5360..5406
        value: Int 0
        type: Path `CudnnStatus` @5395..5406
      ExternFn `cudnnGetVersion` @5412..5443
        ret: Path `CSizeT` @5437..5443
      ExternFn `cudnnCreate` @5448..5552
        params
          Param `handle` @5473..5530
            type: Borrowed mutable @5481..5530
              Path `ffi.Uninitialized` @5498..5530
                generics of `Uninitialized`
                  Path `CudnnHandle` @5519..5530
        ret: Path `CudnnStatus` @5541..5552
      ExternFn `cudnnDestroy` @5557..5609
        params
          Param `handle` @5574..5593
            type: Path `CudnnHandle` @5582..5593
        ret: Path `CudnnStatus` @5598..5609
  Record `CudnnHandle` @6065..6108
    fields
      Field `raw` @6087..6108
        type: Path `ffi.OpaqueHandle` @6092..6108
  Implements @6110..6144
    interface: Bound `ffi.CLayout` @6133..6144
    type: Path `CudnnHandle` @6110..6121
  Record `H5ErrorCode` @6418..6449
    fields
      Field `raw` @6440..6449
        type: Path `CInt` @6445..6449
  Implements @6451..6485
    interface: Bound `ffi.CLayout` @6474..6485
    type: Path `H5ErrorCode` @6451..6462
  Choice `BlasError` public @6569..6626
    variants
      Variant `Shape` @6598..6613
        payload
          Path `Int` @6604..6607
          Path `Int` @6609..6612
      Variant `Overflow` @6618..6626
  Record `MatrixBase` @7276..7357
    generics
      TypeParam `S` @7295..7296
    fields
      Field `data` @7302..7309
        type: Path `S` @7308..7309
      Field `rows` @7314..7323
        type: Path `Int` @7320..7323
      Field `columns` @7328..7340
        type: Path `Int` @7337..7340
      Field `leading` @7345..7357
        type: Path `Int` @7354..7357
  Alias `MatrixView` @7359..7407
    type: Path `MatrixBase` @7378..7407
      generics of `MatrixBase`
        Path `ffi.Span` @7392..7407
          generics of `Span`
            Path `F64` @7404..7407
  Alias `MutableMatrixView` @7408..7470
    type: Path `MatrixBase` @7434..7470
      generics of `MatrixBase`
        Path `ffi.MutableSpan` @7448..7470
          generics of `MutableSpan`
            Path `F64` @7467..7470
  Fn `gemm` public @8079..9233
    params
      Param `a` @8100..8122
        type: Borrowed @8103..8122
          Path `MatrixView` @8112..8122
      Param `b` @8128..8150
        type: Borrowed @8131..8150
          Path `MatrixView` @8140..8150
      Param `c` @8156..8193
        type: Borrowed mutable @8159..8193
          Path `MutableMatrixView` @8176..8193
      Param `alpha` @8199..8209
        type: Path `F64` @8206..8209
      Param `beta` @8215..8224
        type: Path `F64` @8221..8224
    ret: Nullable @8230..8240
      Path `BlasError` @8230..8239
    body: Block @8246..9233
      If @8246..8323
        cond: Binary `!=` @8249..8272
          lhs: Field `columns` @8249..8258
            base: Path `a` @8249..8250
          rhs: Field `rows` @8266..8272
            base: Path `b` @8266..8267
        then: Block @8282..8323
          Return @8282..8323
            value: Method `Shape` @8289..8323
              receiver: Path `BlasError` @8289..8298
              args
                Field `columns` @8305..8314
                  base: Path `a` @8305..8306
                Field `rows` @8316..8322
                  base: Path `b` @8316..8317
      If @8328..8406
        cond: Binary `or` @8331..8371
          lhs: Binary `<` @8331..8349
            lhs: Field `leading` @8331..8340
              base: Path `a` @8331..8332
            rhs: Field `rows` @8343..8349
              base: Path `a` @8343..8344
          rhs: Binary `<` @8353..8371
            lhs: Field `leading` @8353..8362
              base: Path `b` @8353..8354
            rhs: Field `rows` @8365..8371
              base: Path `b` @8365..8366
        then: Block @8381..8406
          Return @8381..8406
            value: Field `Overflow` @8388..8406
              base: Path `BlasError` @8388..8397
      Unsafe @8412..9224
        body: Block @8785..9224
          tail: StructLit `cblas_dgemm` @8785..9224
            fields
              FieldInit `layout` @8810..8833
                value: Path `CBLAS_COL_MAJOR` @8818..8833
              FieldInit `transpose_a` @8847..8874
                value: Path `CBLAS_NO_TRANS` @8860..8874
              FieldInit `transpose_b` @8888..8915
                value: Path `CBLAS_NO_TRANS` @8901..8915
              FieldInit `m` @8929..8949
                value: Cast @8932..8949
                  expr: Field `rows` @8932..8938
                    base: Path `a` @8932..8933
                  type: Path `BlasInt` @8942..8949
              FieldInit `n` @8963..8986
                value: Cast @8966..8986
                  expr: Field `columns` @8966..8975
                    base: Path `b` @8966..8967
                  type: Path `BlasInt` @8979..8986
              FieldInit `k` @9000..9023
                value: Cast @9003..9023
                  expr: Field `columns` @9003..9012
                    base: Path `a` @9003..9004
                  type: Path `BlasInt` @9016..9023
              FieldInit `alpha` @9037..9049
                value: Path `alpha` @9044..9049
              FieldInit `a` @9063..9072
                value: Field `data` @9066..9072
                  base: Path `a` @9066..9067
              FieldInit `lda` @9074..9099
                value: Cast @9079..9099
                  expr: Field `leading` @9079..9088
                    base: Path `a` @9079..9080
                  type: Path `BlasInt` @9092..9099
              FieldInit `b` @9113..9122
                value: Field `data` @9116..9122
                  base: Path `b` @9116..9117
              FieldInit `ldb` @9124..9149
                value: Cast @9129..9149
                  expr: Field `leading` @9129..9138
                    base: Path `b` @9129..9130
                  type: Path `BlasInt` @9142..9149
              FieldInit `beta` @9163..9173
                value: Path `beta` @9169..9173
              FieldInit `c` @9187..9196
                value: Field `data` @9190..9196
                  base: Path `c` @9190..9191
              FieldInit `ldc` @9198..9223
                value: Cast @9203..9223
                  expr: Field `leading` @9203..9212
                    base: Path `c` @9203..9204
                  type: Path `BlasInt` @9216..9223
      tail: Null @9229..9233
  Fn `native_double_type` public @9738..9944
    ret: Tuple @9773..9790
      Path `Hid` @9774..9777
      Nullable @9779..9789
        Path `BlasError` @9779..9788
    body: Block @9796..9944
      tail: Unsafe @9796..9944
        body: Block @9812..9944
          Let `opened` @9812..9834
            value: Call @9826..9834
              callee: Path `H5open` @9826..9832
          If @9843..9908
            cond: Binary `<` @9846..9856
              lhs: Path `opened` @9846..9852
              rhs: Int 0 @9855..9856
            then: Block @9870..9908
              Return @9870..9908
                value: Tuple @9877..9908
                  Path `H5I_BADID` @9878..9887
                  Field `Overflow` @9889..9907
                    base: Path `BlasError` @9889..9898
          tail: Tuple @9917..9944
            Path `H5T_NATIVE_DOUBLE_g` @9918..9937
            Null @9939..9943
  Fn `cudnn_version` public @10068..10147
    ret: Path `Int` @10098..10101
    body: Block @10107..10147
      tail: Unsafe @10107..10147
        body: Block @10123..10147
          tail: Cast @10123..10147
            expr: Call @10123..10140
              callee: Path `cudnnGetVersion` @10123..10138
            type: Path `Int` @10144..10147
--- diagnostics ---
(none)
