---
source: crates/science-parser/tests/parse_stmts.rs
expression: "parse_body(r#\"def main():\n    a be b\n    a be a + 1\n    self.text be \"\"\n    editor.target.title be \"edited\"\n    cells[0] be 1\n    grid[row][column] be cells[0]\n\"#)"
---
Block @16..145
  Assign @16..22
    target: Path `a` @16..17
    value: Path `b` @21..22
  Assign @27..37
    target: Path `a` @27..28
    value: Binary `+` @32..37
      lhs: Path `a` @32..33
      rhs: Int 1 @36..37
  Assign @42..57
    target: Field `text` @42..51
      base: Self @42..46
    value: Str "" @55..57
  Assign @62..93
    target: Field `title` @62..81
      base: Field `target` @62..75
        base: Path `editor` @62..68
    value: Str "edited" @85..93
  Assign @98..111
    target: Index @98..106
      base: Path `cells` @98..103
      index: Int 0 @104..105
    value: Int 1 @110..111
  Assign @116..145
    target: Index @116..133
      base: Index @116..125
        base: Path `grid` @116..120
        index: Path `row` @121..124
      index: Path `column` @126..132
    value: Index @137..145
      base: Path `cells` @137..142
      index: Int 0 @143..144
--- diagnostics ---
(none)
