---
source: crates/science-parser/tests/parse_traits.rs
expression: "parse_source_allowing_errors(r#\"Doc implements Summarize\n    def summarize(self) -> String:\n        \"a\"\n\"#)"
---
Module @0..72
  Implements @0..71
    interface: Bound `Summarize` @15..24
    type: Path `Doc` @0..3
--- diagnostics ---
SC0103 @24..25 expected `:` before the body of the implementation
