---
source: crates/science-parser/tests/parse_extern.rs
expression: "parse_source_allowing_errors(r#\"unsafe extern \"C\" library \"z\" via pkg - config \"zlib\":\n    function crc32(crc: CULong) -> CULong\n\"#)"
---
Module @0..97
  Extern "C" unsafe @0..96
    Library "z" @18..53
    items
      ExternFn `crc32` @59..96
        params
          Param `crc` @74..85
            type: Path `CULong` @79..85
        ret: Path `CULong` @90..96
--- diagnostics ---
SC0100 @34..37 expected `pkg-config` after `via`, found `pkg`
