---
source: crates/science-parser/tests/parse_exprs.rs
expression: "parse_source_allowing_errors(\"def f():\\n    let s be Stack[String](items: xs)\\n    let v be xs[i]\\n\")"
---
Module @0..66
  Fn `f` @0..65
    body: Block @13..65
      Let `s` @13..46
        value: StructLit `Stack` @22..46
          generics of `Stack`
            Path `String` @28..34
          fields
            FieldInit `items` @36..45
              value: Path `xs` @43..45
      Let `v` @51..65
        value: Index @60..65
          base: Path `xs` @60..62
          index: Path `i` @63..64
--- diagnostics ---
(none)
