---
source: crates/science-parser/tests/parse_traits.rs
expression: "parse_source(\"def main():\\n    let d be Doc.new(\\\"a\\\")\\n\")"
---
Module @0..38
  Fn `main` @0..37
    body: Block @16..37
      Let `d` @16..37
        value: Method `new` @25..37
          receiver: Path `Doc` @25..28
          args
            Str "a" @33..36
--- diagnostics ---
(none)
