---
source: crates/science-parser/tests/parse_items.rs
expression: "parse_report(vec![Fn, id(\"summarize\"), LParen, Amp, SelfValue, RParen, Arrow,\nid(\"String\"), Newline,])"
---
Module @0..26
  Fn `summarize` @0..26
    receiver: &self @12..17
    ret: Path `String` @20..26
--- diagnostics ---
(none)
