---
source: crates/science-parser/tests/parse_traits.rs
expression: "parse_source(r#\"interface Produce of T:\n    def produce(self) -> T.Output\n\"#)"
---
Module @0..58
  Interface `Produce` @0..57
    generics
      TypeParam `T` @21..22
    methods
      Fn `produce` @28..57
        receiver: self @40..44
        ret: Path `T.Output` @49..57
--- diagnostics ---
(none)
