---
source: crates/science-parser/tests/parse_stmts.rs
expression: "parse_source_allowing_errors(\"fn f():\\n    let a = 1 let b = 2\\n\")"
---
Module @0..32
  Fn `f` @0..31
    body: Block @12..21
      Let `a` @12..21
        value: Int 1 @20..21
--- diagnostics ---
SC0100 @22..25 expected end of line, found `let`
