---
source: crates/science-parser/tests/parse_items.rs
expression: "parse_report(vec![Type, Colon, Newline, Indent, id(\"a\"), Colon, id(\"I32\"),\nNewline, Dedent, Choice, Colon, Newline, Indent, id(\"A\"), Newline, Dedent,\nUse, id(\"text\"), Newline,])"
---
Module @0..25
  Use `text` @18..25
--- diagnostics ---
SC0102 @4..5 expected an identifier, found `:`
SC0102 @16..17 expected an identifier, found `:`
