---
source: crates/science-parser/tests/parse_patterns.rs
expression: "parse_body(r#\"def f(p: (Int, Int)) -> String:\n    match p:\n        (0, 0): \"origin\"\n        (x, 0): \"on the X axis\"\n        (_, _): \"somewhere else\"\n        (): \"unit\"\n\"#)"
---
Block @36..153
  tail: Match @36..153
    scrutinee: Path `p` @42..43
    arms
      Arm @53..69
        pattern: Tuple @53..59
          Int 0 @54..55
          Int 0 @57..58
        body: Str "origin" @61..69
      Arm @78..101
        pattern: Tuple @78..84
          Binding `x` @79..80
          Int 0 @82..83
        body: Str "on the X axis" @86..101
      Arm @110..134
        pattern: Tuple @110..116
          Wildcard @111..112
          Wildcard @114..115
        body: Str "somewhere else" @118..134
      Arm @143..153
        pattern: Unit @143..145
        body: Str "unit" @147..153
--- diagnostics ---
(none)
