---
source: crates/science-parser/tests/parse_script.rs
expression: "parse_source(r#\"type Grid[T, const ROWS: Int]:\n    cells: Array[T]\n\nGrid[T, const ROWS: Int] has:\n    def rows(self) -> Int:\n        ROWS\n\"#)"
---
Module @0..122
  Record `Grid` @0..50
    generics
      TypeParam `T` @10..11
      ConstParam `ROWS` @13..28
        type: Path `Int` @25..28
    fields
      Field `cells` @35..50
        type: Path `Array` @42..50
          generics of `Array`
            Path `T` @48..49
  Has @52..121
    generics
      TypeParam `T` @57..58
      ConstParam `ROWS` @60..75
        type: Path `Int` @72..75
    type: Path `Grid` @52..56
      generics of `Grid`
        Path `T` @57..58
        Path `ROWS` @66..70
    methods
      Fn `rows` @86..121
        receiver: self @95..99
        ret: Path `Int` @104..107
        body: Block @117..121
          tail: Path `ROWS` @117..121
--- diagnostics ---
(none)
