---
source: crates/science-parser/tests/parse_stmts.rs
expression: "parse_body(r#\"def largest(items: &Array[Int]) -> Int:\n    let mutable best be 0\n    for item in items:\n        if item > best: best be item\n    best\n\"#)"
---
Block @44..134
  Let `best` mutable @44..65
    value: Int 0 @64..65
  For @70..125
    pattern: Binding `item` @74..78
    iter: Path `items` @82..87
    body: Block @97..125
      tail: If @97..125
        cond: Binary `>` @100..111
          lhs: Path `item` @100..104
          rhs: Path `best` @107..111
        then: Block @113..125
          Assign @113..125
            target: Path `best` @113..117
            value: Path `item` @121..125
  tail: Path `best` @130..134
--- diagnostics ---
(none)
