---
source: crates/science-parser/tests/parse_traits.rs
expression: "parse_source(r#\"interface From of T:\n    function from(value: T) -> Self\n\"#)"
---
Module @0..57
  Interface `From` @0..56
    generics
      TypeParam `T` @18..19
    methods
      Fn `from` @25..56
        params
          Param `value` @39..47
            type: Path `T` @46..47
        ret: SelfType @52..56
--- diagnostics ---
(none)
