---
source: crates/science-parser/tests/parse_patterns.rs
expression: "parse_body(r#\"def f(x: Int) -> Int:\n    match x:\n        Ok(mutable value): value\n        (mutable a, b): a\n        mutable n: n\n\"#)"
---
Block @26..114
  tail: Match @26..114
    scrutinee: Path `x` @32..33
    arms
      Arm @43..67
        pattern: Variant `Ok` @43..60
          Binding `value` mutable @46..59
        body: Path `value` @62..67
      Arm @76..93
        pattern: Tuple @76..90
          Binding `a` mutable @77..86
          Binding `b` @88..89
        body: Path `a` @92..93
      Arm @102..114
        pattern: Binding `n` mutable @102..111
        body: Path `n` @113..114
--- diagnostics ---
(none)
