---
source: crates/science-parser/tests/parse_traits.rs
expression: "parse_source_allowing_errors(r#\"Note has:\n    def take(self: Int) -> Int:\n        1\n\"#)"
---
Module @0..52
  Has @0..51
    type: Path `Note` @0..4
    methods
      Fn `take` @14..51
        receiver: self: Self @23..32
        ret: Path `Int` @37..40
        body: Block @50..51
          tail: Int 1 @50..51
--- diagnostics ---
SC0104 @29..32 a `self` parameter can only be annotated `Self`, which is what takes the receiver by value
