---
source: crates/science-parser/tests/parse_stmts.rs
expression: "parse_body(r#\"function f():\n    if c:\n        a\n    b\n    loop:\n        e\n    f\n\"#)"
---
Block @18..65
  If @18..33
    cond: Path `c` @21..22
    then: Block @32..33
      tail: Path `a` @32..33
  Path `b` @38..39
  Loop @44..59
    body: Block @58..59
      tail: Path `e` @58..59
  tail: Path `f` @64..65
--- diagnostics ---
(none)
