---
source: crates/science-parser/tests/parse_items.rs
expression: "parse_report(vec![Type, id(\"Grid\"), LBracket, id(\"T\"), Comma, Const,\nid(\"ROWS\"), Colon, id(\"Int\"), Comma, Const, id(\"COLS\"), Colon, id(\"Int\"),\nRParen, Colon, Newline, Indent, id(\"cells\"), Colon, id(\"Array\"), Of, id(\"T\"),\nNewline, Dedent,])"
---
Module @0..54
--- diagnostics ---
SC0100 @38..39 expected `]`, found `)`
SC0100 @38..39 expected `:` to open the type's fields or `is` to alias it, found `)`
