---
source: crates/science-parser/tests/parse_exprs.rs
expression: "parse_source_allowing_errors(\"def f():\\n    let a be Array of Doc.new()\\n\")"
---
Module @0..41
  Fn `f` @0..40
    body: Block @13..40
      Let `a` @13..40
        value: Method `new` @22..40
          receiver: Path `Array` @22..38
            generics of `Array`
              Path `Doc` @31..34
--- diagnostics ---
SC0116 @22..38 `.new()` could belong to `Doc` or to `Array of Doc`
  note Science reads it as `(Array of Doc).new()`, the whole generic type
