---
source: crates/science-parser/tests/parse_exprs.rs
expression: "parse_source_allowing_errors(\"function f():\\n    f()(title: 1)\\n\")"
---
Module @0..32
  Fn `f` @0..31
    body: Block @18..31
      tail: Error @18..31
--- diagnostics ---
SC0110 @21..22 named arguments construct a record, so they need a record's name in front of them
