---
source: crates/science-parser/tests/parse_items.rs
expression: "parse_report(vec![Choice, id(\"Option\"), Of, id(\"T\"), Colon, Newline, Indent,\nid(\"Some\"), LParen, id(\"T\"), RParen, Newline, id(\"None\"), Newline, Dedent,])"
---
Module @0..27
  Choice `Option` @0..16
    generics
      TypeParam `T` @14..16
--- diagnostics ---
SC0100 @12..14 `of T` is now written `[T]`
SC0102 @16..16 expected an identifier, found end of line
SC0100 @16..16 expected `:`, found end of line
SC0100 @16..16 unexpected indentation at the top level of a module
