---
source: crates/science-parser/tests/parse_traits.rs
expression: "parse_source(r#\"Pair[A, B] implements Swap[Pair[B, A]]:\n    def swapped(self) -> Pair[B, A]:\n        Pair(first: self.second, second: self.first)\n\"#)"
---
Module @0..130
  Implements @0..129
    generics
      TypeParam `A` @5..6
      TypeParam `B` @8..9
    interface: Bound `Swap` @22..38
      generics of `Swap`
        Path `Pair` @27..37
          generics of `Pair`
            Path `B` @32..33
            Path `A` @35..36
    type: Path `Pair` @0..4
      generics of `Pair`
        Path `A` @5..6
        Path `B` @8..9
    methods
      Fn `swapped` @44..129
        receiver: self @56..60
        ret: Path `Pair` @65..75
          generics of `Pair`
            Path `B` @70..71
            Path `A` @73..74
        body: Block @85..129
          tail: StructLit `Pair` @85..129
            fields
              FieldInit `first` @90..108
                value: Field `second` @97..108
                  base: Self @97..101
              FieldInit `second` @110..128
                value: Field `first` @118..128
                  base: Self @118..122
--- diagnostics ---
(none)
