---
source: crates/science-parser/tests/parse_closure_types.rs
expression: "parse_source(r#\"def run[F](f: F) -> Int where F: Clone + (Int) -> Bool + Send:\n    0\n\"#)"
---
Module @0..69
  Fn `run` @0..68
    generics
      TypeParam `F` @8..9
    params
      Param `f` @11..15
        type: Path `F` @14..15
    ret: Path `Int` @20..23
    where
      Predicate @30..61
        type: Path `F` @30..31
        bounds
          Bound `Clone` @33..38
          ClosureBound @41..54
            params
              Path `Int` @42..45
            ret: Path `Bool` @50..54
          Bound `Send` @57..61
    body: Block @67..68
      tail: Int 0 @67..68
--- diagnostics ---
(none)
