---
source: crates/science-parser/tests/parse_exprs.rs
expression: "parse_body(\"def f():\\n    if a: if b: x else: y\\n\")"
---
Block @13..34
  tail: If @13..34
    cond: Path `a` @16..17
    then: Block @19..34
      tail: If @19..34
        cond: Path `b` @22..23
        then: Block @25..26
          tail: Path `x` @25..26
        else: Block @33..34
          tail: Path `y` @33..34
--- diagnostics ---
(none)
