---
source: crates/science-parser/tests/parse_traits.rs
expression: "parse_source(r#\"interface Summarize:\n    def summarize(self) -> String\n\n    def preview(self) -> String:\n        self.summarize().truncate(80)\n\"#)"
---
Module @0..127
  Interface `Summarize` @0..126
    methods
      Fn `summarize` @25..54
        receiver: self @39..43
        ret: Path `String` @48..54
      Fn `preview` @60..126
        receiver: self @72..76
        ret: Path `String` @81..87
        body: Block @97..126
          tail: Method `truncate` @97..126
            receiver: Method `summarize` @97..113
              receiver: Self @97..101
            args
              Int 80 @123..125
--- diagnostics ---
(none)
