---
source: crates/science-parser/tests/parse_items.rs
expression: "parse_report(vec![Function, id(\"paired\"), LBracket, id(\"A\"), Comma, id(\"B\"),\nRParen, LParen, id(\"first\"), Colon, id(\"A\"), Comma, id(\"second\"), Colon,\nid(\"B\"), RParen, Arrow, LParen, id(\"A\"), Comma, id(\"B\"), RParen, Colon,\nid(\"x\"), Newline,])"
---
Module @0..46
  Fn `paired` @0..46
    generics
      TypeParam `A` @15..16
      TypeParam `B` @17..18
--- diagnostics ---
SC0100 @18..19 expected `]`, found `)`
SC0100 @18..19 expected `(`, found `)`
SC0100 @18..19 expected end of line, found `)`
