---
source: crates/science-parser/tests/parse_stmts.rs
expression: "parse_body(r#\"def f(items: &Array[Int]) -> Option[Int]:\n    for item in items:\n        if item % 2 is not 0:\n            continue\n        return Some(item)\n    loop:\n        break\n    return\n\"#)"
---
Block @46..176
  For @46..141
    pattern: Binding `item` @50..54
    iter: Path `items` @58..63
    body: Block @73..141
      If @73..115
        cond: Binary `!=` @76..93
          lhs: Binary `%` @76..84
            lhs: Path `item` @76..80
            rhs: Int 2 @83..84
          rhs: Int 0 @92..93
        then: Block @107..115
          Continue @107..115
      Return @124..141
        value: Call @131..141
          callee: Path `Some` @131..135
          args
            Path `item` @136..140
  Loop @146..165
    body: Block @160..165
      Break @160..165
  Return @170..176
--- diagnostics ---
(none)
