---
source: crates/science-parser/tests/parse_patterns.rs
expression: "parse_body(r#\"def f(p: &Point) -> String:\n    match p:\n        Point(x: 0, y: 0): \"origin\"\n        Point(x: 0, y: y): \"on the Y axis\"\n        Doc(title: t, body: _): t\n\"#)"
---
Block @32..153
  tail: Match @32..153
    scrutinee: Path `p` @38..39
    arms
      Arm @49..76
        pattern: StructPat `Point` @49..66
          fields
            FieldPat `x` @55..59
              pattern: Int 0 @58..59
            FieldPat `y` @61..65
              pattern: Int 0 @64..65
        body: Str "origin" @68..76
      Arm @85..119
        pattern: StructPat `Point` @85..102
          fields
            FieldPat `x` @91..95
              pattern: Int 0 @94..95
            FieldPat `y` @97..101
              pattern: Binding `y` @100..101
        body: Str "on the Y axis" @104..119
      Arm @128..153
        pattern: StructPat `Doc` @128..150
          fields
            FieldPat `title` @132..140
              pattern: Binding `t` @139..140
            FieldPat `body` @142..149
              pattern: Wildcard @148..149
        body: Path `t` @152..153
--- diagnostics ---
(none)
