---
source: crates/science-parser/tests/parse_patterns.rs
expression: "parse_body(r#\"def f(x: Int) -> Int:\n    match x:\n        Ok(value): value\n        Err(NotFound(key)): key\n        Option.Some(v): v\n        Option.None: 0\n        Rect(w, h): w\n\"#)"
---
Block @26..162
  tail: Match @26..162
    scrutinee: Path `x` @32..33
    arms
      Arm @43..59
        pattern: Variant `Ok` @43..52
          Binding `value` @46..51
        body: Path `value` @54..59
      Arm @68..91
        pattern: Variant `Err` @68..86
          Variant `NotFound` @72..85
            Binding `key` @81..84
        body: Path `key` @88..91
      Arm @100..117
        pattern: Variant `Option.Some` @100..114
          Binding `v` @112..113
        body: Path `v` @116..117
      Arm @126..140
        pattern: Variant `Option.None` @126..137
        body: Int 0 @139..140
      Arm @149..162
        pattern: Variant `Rect` @149..159
          Binding `w` @154..155
          Binding `h` @157..158
        body: Path `w` @161..162
--- diagnostics ---
(none)
