---
source: crates/science-parser/tests/parse_patterns.rs
expression: "parse_body(r#\"def f(x: Int) -> String:\n    match x:\n        0: \"zero\"\n        'a': \"letter\"\n        \"hello\": \"greeting\"\n        true: \"on\"\n        3.5: \"float\"\n        _: \"other\"\n\"#)"
---
Block @29..164
  tail: Match @29..164
    scrutinee: Path `x` @35..36
    arms
      Arm @46..55
        pattern: Int 0 @46..47
        body: Str "zero" @49..55
      Arm @64..77
        pattern: Char 'a' @64..67
        body: Str "letter" @69..77
      Arm @86..105
        pattern: Str "hello" @86..93
        body: Str "greeting" @95..105
      Arm @114..124
        pattern: Bool true @114..118
        body: Str "on" @120..124
      Arm @133..145
        pattern: Float 3.5 @133..136
        body: Str "float" @138..145
      Arm @154..164
        pattern: Wildcard @154..155
        body: Str "other" @157..164
--- diagnostics ---
(none)
