---
source: crates/science-parser/tests/parse_traits.rs
expression: "parse_source(r#\"def f[T]() -> T where T: A + B:\n    body()\n\"#)"
---
Module @0..43
  Fn `f` @0..42
    generics
      TypeParam `T` @6..7
    ret: Path `T` @14..15
    where
      Predicate @22..30
        type: Path `T` @22..23
        bounds
          Bound `A` @25..26
          Bound `B` @29..30
    body: Block @36..42
      tail: Call @36..42
        callee: Path `body` @36..40
--- diagnostics ---
(none)
