---
source: crates/science-parser/tests/parse_stmts.rs
expression: "parse_body(r#\"def f() -> Int:\n    for row in rows:\n        for cell in row:\n            if cell is not 0:\n                if cell > 0:\n                    hits be hits + 1\n    hits\n\"#)"
---
Block @20..166
  For @20..157
    pattern: Binding `row` @24..27
    iter: Path `rows` @31..35
    body: Block @45..157
      tail: For @45..157
        pattern: Binding `cell` @49..53
        iter: Path `row` @57..60
        body: Block @74..157
          tail: If @74..157
            cond: Binary `!=` @77..90
              lhs: Path `cell` @77..81
              rhs: Int 0 @89..90
            then: Block @108..157
              tail: If @108..157
                cond: Binary `>` @111..119
                  lhs: Path `cell` @111..115
                  rhs: Int 0 @118..119
                then: Block @141..157
                  Assign @141..157
                    target: Path `hits` @141..145
                    value: Binary `+` @149..157
                      lhs: Path `hits` @149..153
                      rhs: Int 1 @156..157
  tail: Path `hits` @162..166
--- diagnostics ---
(none)
