---
source: crates/science-parser/tests/parse_items.rs
expression: "parse_report(vec![Type, id(\"S\"), Colon, Newline, Indent, id(\"title\"), Newline,\nid(\"body\"), Colon, id(\"String\"), Newline, Dedent,])"
---
Module @0..22
  Record `S` @0..22
    fields
      Field `body` @11..22
        type: Path `String` @16..22
--- diagnostics ---
SC0100 @11..11 expected `:`, found end of line
