---
source: crates/science-parser/tests/parse_extern.rs
expression: "parse_source_allowing_errors(r#\"public unsafe extern \"C\" library \"z\":\n    function crc32(crc: CULong) -> CULong\n\"#)"
---
Module @0..80
  Extern "C" unsafe @0..79
    Library "z" @25..36
    items
      ExternFn `crc32` @42..79
        params
          Param `crc` @57..68
            type: Path `CULong` @62..68
        ret: Path `CULong` @73..79
--- diagnostics ---
SC0107 @0..6 `public` has no meaning on an `extern` block
