---
source: crates/science-parser/tests/parse_script.rs
expression: "parse_source(r#\"type Grid of (T, const ROWS: Int):\n    cells: Array of T\n\nGrid of (T, const ROWS: Int) has:\n    def rows(self) -> Int:\n        ROWS\n\"#)"
---
Module @0..132
  Record `Grid` @0..56
    generics
      TypeParam `T` @14..15
      ConstParam `ROWS` @17..32
        type: Path `Int` @29..32
    fields
      Field `cells` @39..56
        type: Path `Array` @46..56
          generics of `Array`
            Path `T` @55..56
  Has @58..131
    generics
      TypeParam `T` @67..68
      ConstParam `ROWS` @70..85
        type: Path `Int` @82..85
    type: Path `Grid` @58..62
      generics of `Grid`
        Path `T` @67..68
        Path `ROWS` @76..80
    methods
      Fn `rows` @96..131
        receiver: self @105..109
        ret: Path `Int` @114..117
        body: Block @127..131
          tail: Path `ROWS` @127..131
--- diagnostics ---
(none)
