---
source: crates/science-parser/tests/parse_extern.rs
expression: parse_source(source)
---
Module @804..3430
  Extern "C" unsafe @804..1695
    Library "openblas" @822..866
      pkg-config: Str "openblas" @856..866
    items
      ExternAlias `CblasLayout` @873..897
        type: Path `CInt` @893..897
      ExternConst `CBLAS_ROW_MAJOR` @902..945
        value: Int 101
        type: Path `CblasLayout` @934..945
      ExternConst `CBLAS_COL_MAJOR` @950..993
        value: Int 102
        type: Path `CblasLayout` @982..993
      ExternAlias `CblasTranspose` @999..1026
        type: Path `CInt` @1022..1026
      ExternConst `CBLAS_NO_TRANS` @1031..1076
        value: Int 111
        type: Path `CblasTranspose` @1062..1076
      ExternConst `CBLAS_TRANS` @1081..1123
        value: Int 112
        type: Path `CblasTranspose` @1109..1123
      ExternAlias `BlasInt` @1329..1348
        type: Path `I32` @1345..1348
      ExternFn `cblas_dgemm` @1354..1695
        params
          Param `layout` @1379..1398
            type: Path `CblasLayout` @1387..1398
          Param `transpose_a` @1408..1435
            type: Path `CblasTranspose` @1421..1435
          Param `transpose_b` @1445..1472
            type: Path `CblasTranspose` @1458..1472
          Param `m` @1482..1492
            type: Path `BlasInt` @1485..1492
          Param `n` @1494..1504
            type: Path `BlasInt` @1497..1504
          Param `k` @1506..1516
            type: Path `BlasInt` @1509..1516
          Param `alpha` @1526..1536
            type: Path `F64` @1533..1536
          Param `a` @1546..1564
            type: Path `ffi.Span` @1549..1564
              generics of `Span`
                Path `F64` @1561..1564
          Param `lda` @1566..1578
            type: Path `BlasInt` @1571..1578
          Param `b` @1588..1606
            type: Path `ffi.Span` @1591..1606
              generics of `Span`
                Path `F64` @1603..1606
          Param `ldb` @1608..1620
            type: Path `BlasInt` @1613..1620
          Param `beta` @1630..1639
            type: Path `F64` @1636..1639
          Param `c` @1649..1674
            type: Path `ffi.MutableSpan` @1652..1674
              generics of `MutableSpan`
                Path `F64` @1671..1674
          Param `ldc` @1676..1688
            type: Path `BlasInt` @1681..1688
  Record `MatrixView` @1697..1787
    fields
      Field `data` @1718..1739
        type: Path `ffi.Span` @1724..1739
          generics of `Span`
            Path `F64` @1736..1739
      Field `rows` @1744..1753
        type: Path `Int` @1750..1753
      Field `columns` @1758..1770
        type: Path `Int` @1767..1770
      Field `leading` @1775..1787
        type: Path `Int` @1784..1787
  Choice `BlasError` public @1847..1925
    variants
      Variant `Shape` @1876..1891
        payload
          Path `Int` @1882..1885
          Path `Int` @1887..1890
      Variant `Stride` @1896..1912
        payload
          Path `Int` @1903..1906
          Path `Int` @1908..1911
      Variant `Overflow` @1917..1925
  Fn `gemm` public @1927..3133
    params
      Param `a` @1952..1974
        type: Borrowed @1955..1974
          Path `MatrixView` @1964..1974
      Param `b` @1984..2006
        type: Borrowed @1987..2006
          Path `MatrixView` @1996..2006
      Param `c` @2016..2046
        type: Borrowed mutable @2019..2046
          Path `MatrixView` @2036..2046
      Param `alpha` @2056..2066
        type: Path `F64` @2063..2066
      Param `beta` @2076..2085
        type: Path `F64` @2082..2085
    ret: Tuple @2090..2106
      Unit @2091..2093
      Nullable @2095..2105
        Path `BlasError` @2095..2104
    body: Block @2113..3133
      If @2113..2196
        cond: Binary `!=` @2116..2139
          lhs: Field `columns` @2116..2125
            base: Path `a` @2116..2117
          rhs: Field `rows` @2133..2139
            base: Path `b` @2133..2134
        then: Block @2149..2196
          Return @2149..2196
            value: Tuple @2156..2196
              Unit @2157..2159
              Method `Shape` @2161..2195
                receiver: Path `BlasError` @2161..2170
                args
                  Field `columns` @2177..2186
                    base: Path `a` @2177..2178
                  Field `rows` @2188..2194
                    base: Path `b` @2188..2189
      If @2201..2308
        cond: Binary `or` @2204..2254
          lhs: Binary `!=` @2204..2224
            lhs: Field `rows` @2204..2210
              base: Path `c` @2204..2205
            rhs: Field `rows` @2218..2224
              base: Path `a` @2218..2219
          rhs: Binary `!=` @2228..2254
            lhs: Field `columns` @2228..2237
              base: Path `c` @2228..2229
            rhs: Field `columns` @2245..2254
              base: Path `b` @2245..2246
        then: Block @2264..2308
          Return @2264..2308
            value: Tuple @2271..2308
              Unit @2272..2274
              Method `Shape` @2276..2307
                receiver: Path `BlasError` @2276..2285
                args
                  Field `rows` @2292..2298
                    base: Path `c` @2292..2293
                  Field `rows` @2300..2306
                    base: Path `a` @2300..2301
      Let `checked_a, err_a` @2389..2433
        value: Call @2413..2433
          callee: Path `covers` @2413..2419
          args
            Path `a` @2420..2421
            Field `columns` @2423..2432
              base: Path `a` @2423..2424
      If @2438..2475
        cond: Present @2441..2447
          Path `err_a` @2441..2446
        then: Block @2457..2475
          Return @2457..2475
            value: Tuple @2464..2475
              Unit @2465..2467
              Path `err_a` @2469..2474
      Let `checked_b, err_b` @2480..2524
        value: Call @2504..2524
          callee: Path `covers` @2504..2510
          args
            Path `b` @2511..2512
            Field `columns` @2514..2523
              base: Path `b` @2514..2515
      If @2529..2566
        cond: Present @2532..2538
          Path `err_b` @2532..2537
        then: Block @2548..2566
          Return @2548..2566
            value: Tuple @2555..2566
              Unit @2556..2558
              Path `err_b` @2560..2565
      Let `checked_c, err_c` @2571..2615
        value: Call @2595..2615
          callee: Path `covers` @2595..2601
          args
            Path `c` @2602..2603
            Field `columns` @2605..2614
              base: Path `c` @2605..2606
      If @2620..2657
        cond: Present @2623..2629
          Path `err_c` @2623..2628
        then: Block @2639..2657
          Return @2639..2657
            value: Tuple @2646..2657
              Unit @2647..2649
              Path `err_c` @2651..2656
      Unsafe @2663..3118
        body: Block @2679..3118
          tail: StructLit `cblas_dgemm` @2679..3118
            fields
              FieldInit `layout` @2704..2727
                value: Path `CBLAS_COL_MAJOR` @2712..2727
              FieldInit `transpose_a` @2741..2768
                value: Path `CBLAS_NO_TRANS` @2754..2768
              FieldInit `transpose_b` @2782..2809
                value: Path `CBLAS_NO_TRANS` @2795..2809
              FieldInit `m` @2823..2843
                value: Cast @2826..2843
                  expr: Field `rows` @2826..2832
                    base: Path `a` @2826..2827
                  type: Path `BlasInt` @2836..2843
              FieldInit `n` @2857..2880
                value: Cast @2860..2880
                  expr: Field `columns` @2860..2869
                    base: Path `b` @2860..2861
                  type: Path `BlasInt` @2873..2880
              FieldInit `k` @2894..2917
                value: Cast @2897..2917
                  expr: Field `columns` @2897..2906
                    base: Path `a` @2897..2898
                  type: Path `BlasInt` @2910..2917
              FieldInit `alpha` @2931..2943
                value: Path `alpha` @2938..2943
              FieldInit `a` @2957..2966
                value: Field `data` @2960..2966
                  base: Path `a` @2960..2961
              FieldInit `lda` @2968..2993
                value: Cast @2973..2993
                  expr: Field `leading` @2973..2982
                    base: Path `a` @2973..2974
                  type: Path `BlasInt` @2986..2993
              FieldInit `b` @3007..3016
                value: Field `data` @3010..3016
                  base: Path `b` @3010..3011
              FieldInit `ldb` @3018..3043
                value: Cast @3023..3043
                  expr: Field `leading` @3023..3032
                    base: Path `b` @3023..3024
                  type: Path `BlasInt` @3036..3043
              FieldInit `beta` @3057..3067
                value: Path `beta` @3063..3067
              FieldInit `c` @3081..3090
                value: Field `data` @3084..3090
                  base: Path `c` @3084..3085
              FieldInit `ldc` @3092..3117
                value: Cast @3097..3117
                  expr: Field `leading` @3097..3106
                    base: Path `c` @3097..3098
                  type: Path `BlasInt` @3110..3117
      tail: Tuple @3123..3133
        Unit @3124..3126
        Null @3128..3132
  Fn `covers` @3135..3429
    params
      Param `m` @3146..3168
        type: Borrowed @3149..3168
          Path `MatrixView` @3158..3168
      Param `columns` @3170..3182
        type: Path `Int` @3179..3182
    ret: Tuple @3187..3203
      Unit @3188..3190
      Nullable @3192..3202
        Path `BlasError` @3192..3201
    body: Block @3209..3429
      Let `needed` @3209..3257
        value: Binary `+` @3223..3257
          lhs: Binary `*` @3223..3248
            lhs: Field `leading` @3223..3232
              base: Path `m` @3223..3224
            rhs: Binary `-` @3236..3247
              lhs: Path `columns` @3236..3243
              rhs: Int 1 @3246..3247
          rhs: Field `rows` @3251..3257
            base: Path `m` @3251..3252
      If @3262..3341
        cond: Binary `<` @3265..3283
          lhs: Field `leading` @3265..3274
            base: Path `m` @3265..3266
          rhs: Field `rows` @3277..3283
            base: Path `m` @3277..3278
        then: Block @3293..3341
          Return @3293..3341
            value: Tuple @3300..3341
              Unit @3301..3303
              Method `Stride` @3305..3340
                receiver: Path `BlasError` @3305..3314
                args
                  Field `leading` @3322..3331
                    base: Path `m` @3322..3323
                  Field `rows` @3333..3339
                    base: Path `m` @3333..3334
      If @3346..3414
        cond: Binary `>` @3349..3373
          lhs: Path `needed` @3349..3355
          rhs: Method `length` @3358..3373
            receiver: Field `data` @3358..3364
              base: Path `m` @3358..3359
        then: Block @3383..3414
          Return @3383..3414
            value: Tuple @3390..3414
              Unit @3391..3393
              Field `Overflow` @3395..3413
                base: Path `BlasError` @3395..3404
      tail: Tuple @3419..3429
        Unit @3420..3422
        Null @3424..3428
--- diagnostics ---
(none)
