---
source: crates/science-parser/tests/parse_exprs.rs
expression: "parse_source(r#\"def f(flag: Bool, n: Int) -> String:\n    let chosen be if flag: 1 else: 0\n    print(if flag: \"yes\" else: \"no\")\n    if n < 10: \"small\" else: if n < 100: \"medium\" else: \"large\"\n\"#)"
---
Module @0..175
  Fn `f` @0..174
    params
      Param `flag` @6..16
        type: Path `Bool` @12..16
      Param `n` @18..24
        type: Path `Int` @21..24
    ret: Path `String` @29..35
    body: Block @41..174
      Let `chosen` @41..73
        value: If @55..73
          cond: Path `flag` @58..62
          then: Block @64..65
            tail: Int 1 @64..65
          else: Block @72..73
            tail: Int 0 @72..73
      Call @78..110
        callee: Path `print` @78..83
        args
          If @84..109
            cond: Path `flag` @87..91
            then: Block @93..98
              tail: Str "yes" @93..98
            else: Block @105..109
              tail: Str "no" @105..109
      tail: If @115..174
        cond: Binary `<` @118..124
          lhs: Path `n` @118..119
          rhs: Int 10 @122..124
        then: Block @126..133
          tail: Str "small" @126..133
        else: Block @140..174
          tail: If @140..174
            cond: Binary `<` @143..150
              lhs: Path `n` @143..144
              rhs: Int 100 @147..150
            then: Block @152..160
              tail: Str "medium" @152..160
            else: Block @167..174
              tail: Str "large" @167..174
--- diagnostics ---
(none)
