---
source: crates/science-parser/tests/parse_exprs.rs
expression: "parse_source(r#\"function f(flag: Bool, n: Int) -> String:\n    let chosen be if flag: 1 else: 0\n    print(if flag: \"yes\" else: \"no\")\n    if n < 10: \"small\" else: if n < 100: \"medium\" else: \"large\"\n\"#)"
---
Module @0..180
  Fn `f` @0..179
    params
      Param `flag` @11..21
        type: Path `Bool` @17..21
      Param `n` @23..29
        type: Path `Int` @26..29
    ret: Path `String` @34..40
    body: Block @46..179
      Let `chosen` @46..78
        value: If @60..78
          cond: Path `flag` @63..67
          then: Block @69..70
            tail: Int 1 @69..70
          else: Block @77..78
            tail: Int 0 @77..78
      Call @83..115
        callee: Path `print` @83..88
        args
          If @89..114
            cond: Path `flag` @92..96
            then: Block @98..103
              tail: Str "yes" @98..103
            else: Block @110..114
              tail: Str "no" @110..114
      tail: If @120..179
        cond: Binary `<` @123..129
          lhs: Path `n` @123..124
          rhs: Int 10 @127..129
        then: Block @131..138
          tail: Str "small" @131..138
        else: Block @145..179
          tail: If @145..179
            cond: Binary `<` @148..155
              lhs: Path `n` @148..149
              rhs: Int 100 @152..155
            then: Block @157..165
              tail: Str "medium" @157..165
            else: Block @172..179
              tail: Str "large" @172..179
--- diagnostics ---
(none)
