---
source: crates/science-parser/tests/parse_stmts.rs
expression: "parse_body(r#\"def f(n: Int) -> Int:\n    let mutable total be 0\n    for i in 0..n:\n        total be total + i\n    for i in 0..=n:\n        total be total + i\n    total\n\"#)"
---
Block @26..151
  Let `total` mutable @26..48
    value: Int 0 @47..48
  For @53..94
    pattern: Binding `i` @57..58
    iter: Range @62..66
      start: Int 0 @62..63
      end: Path `n` @65..66
    body: Block @76..94
      Assign @76..94
        target: Path `total` @76..81
        value: Binary `+` @85..94
          lhs: Path `total` @85..90
          rhs: Path `i` @93..94
  For @99..141
    pattern: Binding `i` @103..104
    iter: Range inclusive @108..113
      start: Int 0 @108..109
      end: Path `n` @112..113
    body: Block @123..141
      Assign @123..141
        target: Path `total` @123..128
        value: Binary `+` @132..141
          lhs: Path `total` @132..137
          rhs: Path `i` @140..141
  tail: Path `total` @146..151
--- diagnostics ---
(none)
