---
source: crates/science-parser/tests/parse_stmts.rs
expression: "parse_body(\"function main():\\n    a be if flag: 1 else: 2\\n\")"
---
Block @21..44
  Assign @21..44
    target: Path `a` @21..22
    value: If @26..44
      cond: Path `flag` @29..33
      then: Block @35..36
        tail: Int 1 @35..36
      else: Block @43..44
        tail: Int 2 @43..44
--- diagnostics ---
(none)
