---
source: crates/science-parser/tests/parse_extern.rs
expression: "parse_source(r#\"unsafe extern \"C\" library \"openblas\":\n    type BlasInt is I32\n    def cblas_zgemv(\n        m: BlasInt,\n        alpha: &ffi.Complex64,\n        a: ffi.Span[ffi.Complex64],\n        y: ffi.MutableSpan[ffi.Complex64],\n    ) symbol \"cblas_zgemv\"\n    def cblas_cdotu(x: ffi.Span[ffi.Complex32]) -> ffi.Complex32\n\"#)"
---
Module @0..305
  Extern "C" unsafe @0..304
    Library "openblas" @18..36
    items
      ExternAlias `BlasInt` @42..61
        type: Path `I32` @58..61
      ExternFn `cblas_zgemv` @66..239
        params
          Param `m` @91..101
            type: Path `BlasInt` @94..101
          Param `alpha` @111..132
            type: Borrowed @118..132
              Path `ffi.Complex64` @119..132
          Param `a` @142..168
            type: Path `ffi.Span` @145..168
              generics of `Span`
                Path `ffi.Complex64` @154..167
          Param `y` @178..211
            type: Path `ffi.MutableSpan` @181..211
              generics of `MutableSpan`
                Path `ffi.Complex64` @197..210
        symbol: Str "cblas_zgemv" @226..239
      ExternFn `cblas_cdotu` @244..304
        params
          Param `x` @260..286
            type: Path `ffi.Span` @263..286
              generics of `Span`
                Path `ffi.Complex32` @272..285
        ret: Path `ffi.Complex32` @291..304
--- diagnostics ---
(none)
