---
source: crates/science-parser/tests/parse_stmts.rs
expression: "parse_body(r#\"def f():\n    if c:\n        a\n    b\n    loop:\n        e\n    f\n\"#)"
---
Block @13..60
  If @13..28
    cond: Path `c` @16..17
    then: Block @27..28
      tail: Path `a` @27..28
  Path `b` @33..34
  Loop @39..54
    body: Block @53..54
      tail: Path `e` @53..54
  tail: Path `f` @59..60
--- diagnostics ---
(none)
