---
source: crates/science-parser/tests/parse_traits.rs
expression: "parse_source(r#\"def f of T() -> T where T: A + B:\n    body()\n\"#)"
---
Module @0..45
  Fn `f` @0..44
    generics
      TypeParam `T` @9..10
    ret: Path `T` @16..17
    where
      Predicate @24..32
        type: Path `T` @24..25
        bounds
          Bound `A` @27..28
          Bound `B` @31..32
    body: Block @38..44
      tail: Call @38..44
        callee: Path `body` @38..42
--- diagnostics ---
(none)
