---
source: crates/science-parser/tests/parse_traits.rs
expression: "parse_source(r#\"interface Pretty of T: Summarize + Clone:\n    def pretty(self) -> T\n\ninterface Plain of (T): Summarize + Clone:\n    def plain(self) -> T\n\"#)"
---
Module @0..137
  Interface `Pretty` @0..67
    generics
      TypeParam `T` @20..40
        bounds
          Bound `Summarize` @23..32
          Bound `Clone` @35..40
    methods
      Fn `pretty` @46..67
        receiver: self @57..61
        ret: Path `T` @66..67
  Interface `Plain` @69..136
    generics
      TypeParam `T` @89..90
    supers
      Bound `Summarize` @93..102
      Bound `Clone` @105..110
    methods
      Fn `plain` @116..136
        receiver: self @126..130
        ret: Path `T` @135..136
--- diagnostics ---
(none)
