---
source: crates/science-parser/tests/parse_exprs.rs
expression: "parse_source(r#\"def f(stack: &mut Array[Int], lines: &Array[String]):\n    for _ in 0..stack.length(): stack.pop()\n    for line in lines: print(line)\n    loop: break\n    loop:\n        if a >= b:\n            break\n        a be a + 1\n    for x in xs:\n        print(x)\n    for i in 0..n:\n        print(i)\n    loop:\n        break\n\"#)"
---
Module @0..309
  Fn `f` @0..308
    params
      Param `stack` @6..28
        type: Borrowed mutable @13..28
          Path `Array` @18..28
            generics of `Array`
              Path `Int` @24..27
      Param `lines` @30..51
        type: Borrowed @37..51
          Path `Array` @38..51
            generics of `Array`
              Path `String` @44..50
    body: Block @58..308
      For @58..97
        pattern: Wildcard @62..63
        iter: Range @67..84
          start: Int 0 @67..68
          end: Method `length` @70..84
            receiver: Path `stack` @70..75
        body: Block @86..97
          tail: Method `pop` @86..97
            receiver: Path `stack` @86..91
      For @102..132
        pattern: Binding `line` @106..110
        iter: Path `lines` @114..119
        body: Block @121..132
          tail: Call @121..132
            callee: Path `print` @121..126
            args
              Path `line` @127..131
      Loop @137..148
        body: Block @143..148
          Break @143..148
      Loop @153..214
        body: Block @167..214
          If @167..195
            cond: Binary `>=` @170..176
              lhs: Path `a` @170..171
              rhs: Path `b` @175..176
            then: Block @190..195
              Break @190..195
          Assign @204..214
            target: Path `a` @204..205
            value: Binary `+` @209..214
              lhs: Path `a` @209..210
              rhs: Int 1 @213..214
      For @219..248
        pattern: Binding `x` @223..224
        iter: Path `xs` @228..230
        body: Block @240..248
          tail: Call @240..248
            callee: Path `print` @240..245
            args
              Path `x` @246..247
      For @253..284
        pattern: Binding `i` @257..258
        iter: Range @262..266
          start: Int 0 @262..263
          end: Path `n` @265..266
        body: Block @276..284
          tail: Call @276..284
            callee: Path `print` @276..281
            args
              Path `i` @282..283
      tail: Loop @289..308
        body: Block @303..308
          Break @303..308
--- diagnostics ---
(none)
