---
source: crates/science-parser/tests/parse_stmts.rs
expression: "parse_body(r#\"function largest(items: borrowed Array of Int) -> Int:\n    let mutable best be 0\n    for item in items:\n        if item > best: best be item\n    best\n\"#)"
---
Block @59..149
  Let `best` mutable @59..80
    value: Int 0 @79..80
  For @85..140
    pattern: Binding `item` @89..93
    iter: Path `items` @97..102
    body: Block @112..140
      tail: If @112..140
        cond: Binary `>` @115..126
          lhs: Path `item` @115..119
          rhs: Path `best` @122..126
        then: Block @128..140
          Assign @128..140
            target: Path `best` @128..132
            value: Path `item` @136..140
  tail: Path `best` @145..149
--- diagnostics ---
(none)
