---
source: crates/science-parser/tests/parse_extern.rs
expression: "parse_source(r#\"def call():\n    unsafe:\n        H5open()\n        H5close()\n    let version be unsafe: cudnnGetVersion()\n    version\n\"#)"
---
Module @0..116
  Fn `call` @0..115
    body: Block @16..115
      Unsafe @16..58
        body: Block @32..58
          Call @32..40
            callee: Path `H5open` @32..38
          tail: Call @49..58
            callee: Path `H5close` @49..56
      Let `version` @63..103
        value: Unsafe @78..103
          body: Block @86..103
            tail: Call @86..103
              callee: Path `cudnnGetVersion` @86..101
      tail: Path `version` @108..115
--- diagnostics ---
(none)
