---
source: crates/science-parser/tests/parse_stmts.rs
expression: "parse_body(\"def main():\\n    a be if flag: 1 else: 2\\n\")"
---
Block @16..39
  Assign @16..39
    target: Path `a` @16..17
    value: If @21..39
      cond: Path `flag` @24..28
      then: Block @30..31
        tail: Int 1 @30..31
      else: Block @38..39
        tail: Int 2 @38..39
--- diagnostics ---
(none)
