---
source: crates/science-parser/tests/parse_exprs.rs
expression: "parse_body(r#\"def headlines(docs: &Array[Doc]) -> Array[String]:\n    docs\n        .iterate()\n        .discard(each.is_empty())\n        .map(each.title)\n        .take(5)\n        .collect()\n\"#)"
---
Block @55..173
  tail: Method `collect` @55..173
    receiver: Method `take` @55..154
      receiver: Method `map` @55..137
        receiver: Method `discard` @55..112
          receiver: Method `iterate` @55..78
            receiver: Path `docs` @55..59
          args
            Closure @96..111
              body: Method `is_empty` @96..111
                receiver: Each @96..100
        args
          Closure @126..136
            body: Field `title` @126..136
              base: Each @126..130
      args
        Int 5 @152..153
--- diagnostics ---
(none)
