---
source: crates/science-parser/tests/parse_exprs.rs
expression: "parse_source(r#\"def f() -> String:\n    let label be match x:\n        A: \"a\"\n        B: \"b\"\n    print(label)\n\"#)"
---
Module @0..92
  Fn `f` @0..91
    ret: Path `String` @11..17
    body: Block @23..91
      Let `label` @23..74
        value: Match @36..74
          scrutinee: Path `x` @42..43
          arms
            Arm @53..59
              pattern: Binding `A` @53..54
              body: Str "a" @56..59
            Arm @68..74
              pattern: Binding `B` @68..69
              body: Str "b" @71..74
      tail: Call @79..91
        callee: Path `print` @79..84
        args
          Path `label` @85..90
--- diagnostics ---
(none)
