---
source: crates/science-parser/tests/parse_traits.rs
expression: "parse_source(r#\"interface Pretty[T]: Summarize + Clone:\n    def pretty(self) -> T\n\ninterface Plain[T]: Summarize + Clone:\n    def plain(self) -> T\n\"#)"
---
Module @0..131
  Interface `Pretty` @0..65
    generics
      TypeParam `T` @17..18
    supers
      Bound `Summarize` @21..30
      Bound `Clone` @33..38
    methods
      Fn `pretty` @44..65
        receiver: self @55..59
        ret: Path `T` @64..65
  Interface `Plain` @67..130
    generics
      TypeParam `T` @83..84
    supers
      Bound `Summarize` @87..96
      Bound `Clone` @99..104
    methods
      Fn `plain` @110..130
        receiver: self @120..124
        ret: Path `T` @129..130
--- diagnostics ---
(none)
