---
source: crates/science-parser/tests/parse_extern.rs
expression: "parse_source(r#\"unsafe extern \"C\" library \"openblas\" via pkg-config \"openblas\":\n    type CblasLayout is CInt\n    const CBLAS_ROW_MAJOR be 101 as CblasLayout\n    const CBLAS_COL_MAJOR be 102 as CblasLayout\n\n    type CblasTranspose is CInt\n    const CBLAS_NO_TRANS be 111 as CblasTranspose\n    const CBLAS_TRANS be 112 as CblasTranspose\n\n    def cblas_dgemm(\n        layout: CblasLayout,\n        transpose_a: CblasTranspose,\n        transpose_b: CblasTranspose,\n        m: BlasInt, n: BlasInt, k: BlasInt,\n        alpha: F64,\n        a: ffi.Span of F64, lda: BlasInt,\n        b: ffi.Span of F64, ldb: BlasInt,\n        beta: F64,\n        c: ffi.MutableSpan of F64, ldc: BlasInt,\n    )\n\"#)"
---
Module @0..666
  Extern "C" unsafe @0..665
    Library "openblas" @18..62
      pkg-config: Str "openblas" @52..62
    items
      ExternAlias `CblasLayout` @68..92
        type: Path `CInt` @88..92
      ExternConst `CBLAS_ROW_MAJOR` @97..140
        value: Int 101
        type: Path `CblasLayout` @129..140
      ExternConst `CBLAS_COL_MAJOR` @145..188
        value: Int 102
        type: Path `CblasLayout` @177..188
      ExternAlias `CblasTranspose` @194..221
        type: Path `CInt` @217..221
      ExternConst `CBLAS_NO_TRANS` @226..271
        value: Int 111
        type: Path `CblasTranspose` @257..271
      ExternConst `CBLAS_TRANS` @276..318
        value: Int 112
        type: Path `CblasTranspose` @304..318
      ExternFn `cblas_dgemm` @324..665
        params
          Param `layout` @349..368
            type: Path `CblasLayout` @357..368
          Param `transpose_a` @378..405
            type: Path `CblasTranspose` @391..405
          Param `transpose_b` @415..442
            type: Path `CblasTranspose` @428..442
          Param `m` @452..462
            type: Path `BlasInt` @455..462
          Param `n` @464..474
            type: Path `BlasInt` @467..474
          Param `k` @476..486
            type: Path `BlasInt` @479..486
          Param `alpha` @496..506
            type: Path `F64` @503..506
          Param `a` @516..534
            type: Path `ffi.Span` @519..534
              generics of `Span`
                Path `F64` @531..534
          Param `lda` @536..548
            type: Path `BlasInt` @541..548
          Param `b` @558..576
            type: Path `ffi.Span` @561..576
              generics of `Span`
                Path `F64` @573..576
          Param `ldb` @578..590
            type: Path `BlasInt` @583..590
          Param `beta` @600..609
            type: Path `F64` @606..609
          Param `c` @619..644
            type: Path `ffi.MutableSpan` @622..644
              generics of `MutableSpan`
                Path `F64` @641..644
          Param `ldc` @646..658
            type: Path `BlasInt` @651..658
--- diagnostics ---
(none)
