---
source: crates/science-parser/tests/parse_patterns.rs
expression: "parse_body(r#\"function f(x: Int) -> Int:\n    match x:\n        Doc(): 0\n\"#)"
---
Block @31..56
  tail: Match @31..56
    scrutinee: Path `x` @37..38
    arms
      Arm @48..56
        pattern: Variant `Doc` @48..53
        body: Int 0 @55..56
--- diagnostics ---
(none)
