---
source: crates/science-parser/tests/parse_patterns.rs
expression: "parse_source_allowing_errors(r#\"def f(x: Int) -> Int:\n    match x:\n        *: 0\n        1: 1\n\"#)"
---
Module @0..61
  Fn `f` @0..60
    params
      Param `x` @6..12
        type: Path `Int` @9..12
    ret: Path `Int` @17..20
    body: Block @26..60
      tail: Match @26..60
        scrutinee: Path `x` @32..33
        arms
          Arm @43..47
            pattern: Error @43..44
            body: Int 0 @46..47
          Arm @56..60
            pattern: Int 1 @56..57
            body: Int 1 @59..60
--- diagnostics ---
SC0106 @43..44 expected a pattern, found `*`
