---
source: crates/science-parser/tests/parse_exprs.rs
expression: "parse_source(r#\"def render(token: borrowed Token, format: borrowed Format) -> String:\n    match token:\n        Number(value):\n            match format:\n                Json: value.json()\n                Plain: value.text()\n        Eof: \"\"\n\"#)"
---
Module @0..223
  Fn `render` @0..222
    params
      Param `token` @11..32
        type: Borrowed @18..32
          Path `Token` @27..32
      Param `format` @34..57
        type: Borrowed @42..57
          Path `Format` @51..57
    ret: Path `String` @62..68
    body: Block @74..222
      tail: Match @74..222
        scrutinee: Path `token` @80..85
        arms
          Arm @95..206
            pattern: Variant `Number` @95..108
              Binding `value` @102..107
            body: Block @122..206
              tail: Match @122..206
                scrutinee: Path `format` @128..134
                arms
                  Arm @152..170
                    pattern: Binding `Json` @152..156
                    body: Method `json` @158..170
                      receiver: Path `value` @158..163
                  Arm @187..206
                    pattern: Binding `Plain` @187..192
                    body: Method `text` @194..206
                      receiver: Path `value` @194..199
          Arm @215..222
            pattern: Binding `Eof` @215..218
            body: Str "" @220..222
--- diagnostics ---
(none)
