---
source: crates/science-parser/tests/parse_extern.rs
expression: "parse_source(r#\"unsafe extern \"C\" library \"hdf5\":\n    type Hid is I64\n    type Herr is I32\n    def H5open() -> Herr\n    static H5T_NATIVE_DOUBLE_g: Hid\n    static H5T_NATIVE_INT_g: Hid\n    static PyExc_TypeError: ffi.Pointer of PyObject\n\"#)"
---
Module @0..221
  Extern "C" unsafe @0..220
    Library "hdf5" @18..32
    items
      ExternAlias `Hid` @38..53
        type: Path `I64` @50..53
      ExternAlias `Herr` @58..74
        type: Path `I32` @71..74
      ExternFn `H5open` @79..99
        ret: Path `Herr` @95..99
      ExternStatic `H5T_NATIVE_DOUBLE_g` @104..135
        type: Path `Hid` @132..135
      ExternStatic `H5T_NATIVE_INT_g` @140..168
        type: Path `Hid` @165..168
      ExternStatic `PyExc_TypeError` @173..220
        type: Path `ffi.Pointer` @197..220
          generics of `Pointer`
            Path `PyObject` @212..220
--- diagnostics ---
(none)
