---
source: crates/science-parser/tests/parse_stmts.rs
expression: "parse_body(r#\"fn main():\n    a = b\n    a = a + 1\n    self.text = \"\"\n    editor.target.title = \"edited\"\n\"#)"
---
Block @15..88
  Assign @15..20
    target: Path `a` @15..16
    value: Path `b` @19..20
  Assign @25..34
    target: Path `a` @25..26
    value: Binary `+` @29..34
      lhs: Path `a` @29..30
      rhs: Int 1 @33..34
  Assign @39..53
    target: Field `text` @39..48
      base: Self @39..43
    value: Str "" @51..53
  Assign @58..88
    target: Field `title` @58..77
      base: Field `target` @58..71
        base: Path `editor` @58..64
    value: Str "edited" @80..88
--- diagnostics ---
(none)
