---
source: crates/science-parser/tests/parse_exprs.rs
expression: "parse_source_allowing_errors(\"def f(outer: &Array[Doc]):\\n    outer.map(each.inner.map(each.x))\\n\")"
---
Module @0..65
  Fn `f` @0..64
    params
      Param `outer` @6..24
        type: Borrowed @13..24
          Path `Array` @14..24
            generics of `Array`
              Path `Doc` @20..23
    body: Block @31..64
      tail: Method `map` @31..64
        receiver: Path `outer` @31..36
        args
          Closure @41..63
            body: Method `map` @41..63
              receiver: Field `inner` @41..51
                base: Each @41..45
              args
                Field `x` @56..62
                  base: Each @56..60
--- diagnostics ---
SC0115 @56..60 a nested `each` would name a different subject than the `each` around it
  note name the parameter instead, with the `giving` form: `outer.map(item giving item.inner.map(each.x))`
