---
source: crates/science-parser/tests/parse_exprs.rs
expression: "parse_source(r#\"function render(token: borrowed Token, format: borrowed Format) -> String:\n    match token:\n        Number(value):\n            match format:\n                Json: value.json()\n                Plain: value.text()\n        Eof: \"\"\n\"#)"
---
Module @0..228
  Fn `render` @0..227
    params
      Param `token` @16..37
        type: Borrowed @23..37
          Path `Token` @32..37
      Param `format` @39..62
        type: Borrowed @47..62
          Path `Format` @56..62
    ret: Path `String` @67..73
    body: Block @79..227
      tail: Match @79..227
        scrutinee: Path `token` @85..90
        arms
          Arm @100..211
            pattern: Variant `Number` @100..113
              Binding `value` @107..112
            body: Block @127..211
              tail: Match @127..211
                scrutinee: Path `format` @133..139
                arms
                  Arm @157..175
                    pattern: Binding `Json` @157..161
                    body: Method `json` @163..175
                      receiver: Path `value` @163..168
                  Arm @192..211
                    pattern: Binding `Plain` @192..197
                    body: Method `text` @199..211
                      receiver: Path `value` @199..204
          Arm @220..227
            pattern: Binding `Eof` @220..223
            body: Str "" @225..227
--- diagnostics ---
(none)
