---
source: crates/science-parser/tests/parse_items.rs
expression: "parse_report(vec![Public, Type, id(\"Pair\"), LBracket, id(\"A\"), Comma, id(\"B\"),\nRParen, Colon, Newline, Indent, Public, id(\"first\"), Colon, id(\"A\"), Newline,\nid(\"source\"), Colon, Borrowed, id(\"Doc\"), Newline, Dedent,])"
---
Module @0..51
--- diagnostics ---
SC0100 @18..19 expected `]`, found `)`
SC0100 @18..19 expected `:` to open the type's fields or `is` to alias it, found `)`
