---
source: crates/science-parser/tests/parse_exprs.rs
expression: "parse_source_allowing_errors(\"def f(outer: borrowed Array of Doc):\\n    outer.map(each.inner.map(each.x))\\n\")"
---
Module @0..75
  Fn `f` @0..74
    params
      Param `outer` @6..34
        type: Borrowed @13..34
          Path `Array` @22..34
            generics of `Array`
              Path `Doc` @31..34
    body: Block @41..74
      tail: Method `map` @41..74
        receiver: Path `outer` @41..46
        args
          Closure @51..73
            body: Method `map` @51..73
              receiver: Field `inner` @51..61
                base: Each @51..55
              args
                Field `x` @66..72
                  base: Each @66..70
--- diagnostics ---
SC0115 @66..70 a nested `each` would name a different subject than the `each` around it
  note name the parameter instead, with the `giving` form: `outer.map(item giving item.inner.map(each.x))`
