---
source: crates/science-parser/tests/parse_patterns.rs
expression: "parse_body(r#\"function f(n: Int) -> String:\n    match n:\n        0 | 1 | 2: \"small\"\n        Symbol(',') | Symbol(';'): \"punctuation\"\n        _: \"large\"\n\"#)"
---
Block @34..137
  tail: Match @34..137
    scrutinee: Path `n` @40..41
    arms
      Arm @51..69
        pattern: Or @51..60
          Int 0 @51..52
          Int 1 @55..56
          Int 2 @59..60
        body: Str "small" @62..69
      Arm @78..118
        pattern: Or @78..103
          Variant `Symbol` @78..89
            Char ',' @85..88
          Variant `Symbol` @92..103
            Char ';' @99..102
        body: Str "punctuation" @105..118
      Arm @127..137
        pattern: Wildcard @127..128
        body: Str "large" @130..137
--- diagnostics ---
(none)
