---
source: crates/science-parser/tests/parse_items.rs
expression: "parse_report(vec![Function, id(\"f\"), LParen, id(\"a\"), Colon, id(\"Map\"), Of,\nLParen, id(\"String\"), Comma, id(\"Int\"), RParen, Comma, id(\"b\"), Colon,\nid(\"Array\"), Of, LParen, id(\"Map\"), Of, LParen, id(\"String\"), Comma,\nid(\"Int\"), RParen, RParen, Comma, id(\"c\"), Colon, id(\"Window\"), Of, LParen,\nid(\"Int\"), Comma, int(4), RParen, Comma, id(\"d\"), Colon, SelfType, Dot,\nid(\"Item\"), RParen, Colon, id(\"x\"), Newline,])"
---
Module @0..91
  Fn `f` @0..91
    params
      Param `a` @10..29
        type: Path `Map` @12..29
          generics of `Map`
            Path `String` @18..24
            Path `Int` @25..28
      Param `b` @30..58
        type: Path `Array` @32..58
          generics of `Array`
            Path `Map` @40..57
              generics of `Map`
                Path `String` @46..52
                Path `Int` @53..56
      Param `c` @59..76
        type: Path `Window` @61..76
          generics of `Window`
            Path `Int` @70..73
            ConstArg Int 4 @74..75
      Param `d` @77..88
        type: SelfAssoc `Item` @79..88
    body: Block @90..91
      tail: Path `x` @90..91
--- diagnostics ---
(none)
