---
source: crates/science-parser/tests/parse_traits.rs
expression: "parse_source(r#\"Note implements Reset:\n    def reset(mutable self):\n        self.text be \"\"\n\"#)"
---
Module @0..76
  Implements @0..75
    interface: Bound `Reset` @16..21
    type: Path `Note` @0..4
    methods
      Fn `reset` @27..75
        receiver: mutable self @37..49
        body: Block @60..75
          Assign @60..75
            target: Field `text` @60..69
              base: Self @60..64
            value: Str "" @73..75
--- diagnostics ---
(none)
