---
source: crates/science-parser/tests/parse_traits.rs
expression: "parse_source(r#\"trait Shape:\n    fn area(self) -> Int\n    fn scale(&self) -> Int\n    fn reset(&mut self)\n\"#)"
---
Module @0..89
  Trait `Shape` @0..88
    methods
      Fn `area` @17..37
        receiver: self @25..29
        ret: Path `Int` @34..37
      Fn `scale` @42..64
        receiver: &self @51..56
        ret: Path `Int` @61..64
      Fn `reset` @69..88
        receiver: &mut self @78..87
--- diagnostics ---
(none)
