---
source: crates/science-parser/tests/parse_exprs.rs
expression: "parse_source_allowing_errors(\"function f():\\n    let a be *\\n    let b be 1\\n\")"
---
Module @0..44
  Fn `f` @0..43
    body: Block @18..43
      Let `a` @18..28
        value: Error @27..28
      Let `b` @33..43
        value: Int 1 @42..43
--- diagnostics ---
SC0105 @27..28 expected an expression, found `*`
