---
source: crates/science-parser/tests/parse_patterns.rs
expression: "parse_body(r#\"def f(n: Int) -> String:\n    match n:\n        0 | 1 | 2: \"small\"\n        Symbol(',') | Symbol(';'): \"punctuation\"\n        _: \"large\"\n\"#)"
---
Block @29..132
  tail: Match @29..132
    scrutinee: Path `n` @35..36
    arms
      Arm @46..64
        pattern: Or @46..55
          Int 0 @46..47
          Int 1 @50..51
          Int 2 @54..55
        body: Str "small" @57..64
      Arm @73..113
        pattern: Or @73..98
          Variant `Symbol` @73..84
            Char ',' @80..83
          Variant `Symbol` @87..98
            Char ';' @94..97
        body: Str "punctuation" @100..113
      Arm @122..132
        pattern: Wildcard @122..123
        body: Str "large" @125..132
--- diagnostics ---
(none)
