---
source: crates/science-parser/tests/parse_items.rs
expression: "parse_report(vec![Function, LParen, RParen, Colon, id(\"x\"), Newline, Type,\nid(\"Doc\"), Colon, Newline, Indent, id(\"title\"), Colon, id(\"String\"), Newline,\nDedent,])"
---
Module @0..32
  Record `Doc` @12..32
    fields
      Field `title` @20..32
        type: Path `String` @26..32
--- diagnostics ---
SC0102 @8..9 expected an identifier, found `(`
