---
source: crates/science-parser/tests/parse_items.rs
expression: "parse_report(vec![Function, id(\"f\"), LParen, id(\"a\"), Colon, Percent, RParen,\nColon, id(\"x\"), Newline,])"
---
Module @0..16
  Fn `f` @0..16
    params
      Param `a` @10..13
        type: Error @12..13
    body: Block @15..16
      tail: Path `x` @15..16
--- diagnostics ---
SC0104 @12..13 expected a type, found `%`
