---
source: crates/science-parser/tests/parse_items.rs
expression: "parse_source(\"def f[const N: Int](w: Grid[Int, N * 3 + 1]):\n    print(\\\"x\\\")\n\")"
---
Module @0..61
  Fn `f` @0..60
    generics
      ConstParam `N` @6..18
        type: Path `Int` @15..18
    params
      Param `w` @20..43
        type: Path `Grid` @23..43
          generics of `Grid`
            Path `Int` @28..31
            ConstArg @33..42
              Add @33..42
                Mul by Int 3 @33..38
                  ConstParam `N` @33..34
                Int 1 @41..42
    body: Block @50..60
      tail: Call @50..60
        callee: Path `print` @50..55
        args
          Str "x" @56..59
--- diagnostics ---
(none)
