---
source: crates/link-diagnostics/tests/render.rs
expression: "render_all(&map, &diags)"
---
error[LK0001]: earlier in a
 --> a.link:1:1
  |
1 | one
  | ^^^ here

error[LK0003]: later in a
 --> a.link:3:1
  |
3 | three
  | ^^^^^ here

error[LK0002]: later in b
 --> b.link:2:1
  |
2 | beta
  | ^^^^ here

error[LK0004]: no labels at all
