---
source: crates/link-diagnostics/tests/render.rs
expression: "render(&map, &d)"
---
error[LK0221]: mismatched types
 --> b.link:2:12
  |
2 |     helper("hi")
  |            ^^^^ expected `Int`, found `String`
  |
 --> a.link:1:11
  |
1 | fn helper(x: Int):
  |           ------ parameter declared here
