---
source: crates/science-resolve/tests/snapshots.rs
expression: "report_crate(vec![(\"main.science\", main), (\"shapes.science\", summarize),\n(\"types.science\", types),])"
---
Module `main` #1818 @63..83
  Impl #1821 @63..83
    interface: Bound -> `Summarize` #1822 @46..62
    for: Path -> `Doc` #1823 @63..72
Module `shapes` #1819 @0..9
  Interface `Summarize` #1822 @0..9
Module `types` #1820 @27..45
  Record `Doc` #1823 @42..45
  Impl #1824 @27..41
    interface: Bound -> `Summarize` #1822 @10..26
    for: Path -> `Doc` #1823 @27..30
--- diagnostics ---
SC0207 @63..83 this implementation is an orphan: neither the interface nor the type belongs to this module
  note the interface `Summarize` belongs to `shapes`
  note the type `Doc` belongs to `types`
  note move the implementation into one of those modules, or wrap the type in one of your own
