---
source: crates/science-resolve/tests/snapshots.rs
expression: "report(&module(vec![f]))"
---
Module `main` #356 @0..14
  Fn `agent` #357 @0..14
    body: Block @6..14
      tail: Path -> <error> @6..12
--- diagnostics ---
SC0209 @0..5 `agent` is reserved and cannot be used as a name
  note it is held back so that a later phase of the language can use it without breaking code written today
SC0209 @6..12 `prompt` is reserved and cannot be used as a name
  note it is held back so that a later phase of the language can use it without breaking code written today
