---
source: crates/science-resolve/tests/snapshots.rs
expression: "report(&module(vec![choice, f]))"
---
Module `main` #364 @0..60
  Choice `Choice` #365 @0..17
    variants
      Variant `Yes` #366 @0..7
        payload
          Path -> `I64` #5 @0..3
      Variant `No` #367 @8..10
  Fn `f` #368 @18..60
    params
      Param `c` #369 @42..50
        type: Path -> `Choice` #365 @42..48
    body: Block @18..60
      tail: Match @18..58
        scrutinee: Path -> `c` #369 @51..52
        arms
          Arm @18..22
            pattern: Variant -> `No` #367 @18..20
            body: Int 0 @21..22
          Arm @23..28
            pattern: Binding `Yes` #370 @23..26
            body: Int 1 @27..28
          Arm @29..39
            pattern: Binding `anything` #371 @29..37
            body: Int 2 @38..39
--- diagnostics ---
(none)
