---
source: crates/science-resolve/tests/snapshots.rs
expression: "report(&module(vec![largest, stray]))"
---
Module `main` #41 @8..49
  Fn `largest` #42 @8..39
    generics
      TypeParam `T` #44 @4..5
        bounds
          Bound -> `Ord` #27 @0..3
    params
      Param `items` #45 @16..27
        type: Path -> `Array` #18 @16..21
          generics
            Path -> `T` #44 @6..7
    ret: Ref @28..31
      Path -> `T` #44 @28..29
    body: Block @32..39
      tail: Path -> `items` #45 @32..37
  Fn `stray` #43 @40..49
    params
      Param `x` #46 @46..49
        type: Path -> <error> @46..47
    body: (none)
--- diagnostics ---
SC0200 @46..47 cannot find `T` in this scope
