---
source: crates/science-resolve/tests/snapshots.rs
expression: "report(&module(vec![largest, stray]))"
---
Module `main` #2554 @8..49
  Fn `largest` #2555 @8..39
    generics
      TypeParam `T` #2557 @4..5
        bounds
          Bound -> `Ord` #75 @0..3
    params
      Param `items` #2558 @16..27
        type: Path -> `Array` #18 @16..21
          generics
            Path -> `T` #2557 @6..7
    ret: Borrowed @28..31
      Path -> `T` #2557 @28..29
    body: Block @32..39
      tail: Path -> `items` #2558 @32..37
  Fn `stray` #2556 @40..49
    params
      Param `x` #2559 @46..49
        type: Path -> <error> @46..47
    body: (none)
--- diagnostics ---
SC0200 @46..47 cannot find `T` in this scope
