---
source: crates/science-resolve/tests/snapshots.rs
expression: "report(&module(vec![choice, f]))"
---
Module `main` #1818 @0..60
  Choice `Choice` #1819 @0..17
    variants
      Variant `Yes` #1820 @0..7
        payload
          Path -> `I64` #5 @0..3
      Variant `No` #1821 @8..10
  Fn `f` #1822 @18..60
    params
      Param `c` #1823 @42..50
        type: Path -> `Choice` #1819 @42..48
    body: Block @18..60
      tail: Match @18..58
        scrutinee: Path -> `c` #1823 @51..52
        arms
          Arm @18..22
            pattern: Variant -> `No` #1821 @18..20
            body: Int 0 @21..22
          Arm @23..28
            pattern: Binding `Yes` #1824 @23..26
            body: Int 1 @27..28
          Arm @29..39
            pattern: Binding `anything` #1825 @29..37
            body: Int 2 @38..39
--- diagnostics ---
(none)
