---
source: crates/science-resolve/tests/snapshots.rs
expression: "report(&module(vec![doc, keep]))"
---
Module `main` #756 @0..38
  Record `Doc` #757 @0..3
  Fn `keep` #758 @15..38
    generics
      TypeParam `P` #759 @20..21
        bounds
          ClosureBound @4..14
            params
              Borrowed @4..9
                Path -> `Doc` #757 @4..7
            ret: Path -> `Bool` #14 @10..14
    params
      Param `p` #760 @22..25
        type: Path -> `P` #759 @22..23
    ret: Closure @26..34
      params
        Path -> `Doc` #757 @26..29
      ret: Path -> `Bool` #14 @30..34
    body: Block @35..38
      tail: Path -> `p` #760 @35..36
--- diagnostics ---
(none)
