---
source: crates/science-resolve/tests/snapshots.rs
expression: "report(&module(vec![choice, f]))"
---
Module `main` #2705 @0..60
  Choice `Choice` #2706 @0..17
    variants
      Variant `Yes` #2707 @0..7
        payload
          Path -> `I64` #5 @0..3
      Variant `No` #2708 @8..10
  Fn `f` #2709 @18..60
    params
      Param `c` #2710 @42..50
        type: Path -> `Choice` #2706 @42..48
    body: Block @18..60
      tail: Match @18..58
        scrutinee: Path -> `c` #2710 @51..52
        arms
          Arm @18..22
            pattern: Variant -> `No` #2708 @18..20
            body: Int 0 @21..22
          Arm @23..28
            pattern: Binding `Yes` #2711 @23..26
            body: Int 1 @27..28
          Arm @29..39
            pattern: Binding `anything` #2712 @29..37
            body: Int 2 @38..39
--- diagnostics ---
(none)
