---
source: crates/science-resolve/tests/snapshots.rs
expression: "report(&module(vec![doc, f]))"
---
Module `main` #3443 @0..21
  Record `Doc` #3444 @0..3
  Fn `f` #3445 @12..21
    generics
      TypeParam `F` #3446 @14..15
        bounds
          ClosureBound @4..11
            params
              Path -> `Doc` #3444 @4..7
            ret: Path -> `Doc` #3444 @8..11
    params
      Param `f` #3447 @16..19
        type: Path -> `F` #3446 @16..17
    body: Block @20..21
--- diagnostics ---
(none)
