---
source: crates/science-resolve/tests/snapshots.rs
expression: "report(&module(vec![first, helper]))"
---
Module `main` #370 @0..40
  Fn `first` #371 @0..19
    body: Block @0..19
      tail: Call @0..11
        callee: Path -> `helper` #372 @0..6
        args
          Int 1 @7..8
  Fn `helper` #372 @20..40
    params
      Param `n` #373 @27..32
        type: Path -> `I64` #5 @27..30
    ret: Path -> `I64` #5 @33..36
    body: Block @37..40
      tail: Path -> `n` #373 @37..38
--- diagnostics ---
(none)
