---
source: crates/science-resolve/tests/snapshots.rs
expression: "report_crate(vec![(\"main.science\", main), (\"text/parser.science\", parser),])"
---
Module `main` #372 @12..72
  Fn `f` #375 @42..72
    params
      Param `t` #378 @44..51
        type: Path -> `Token` #376 @44..49
    body: Block @52..72
      tail: Call @52..70
        callee: Path -> `lex` #377 @52..67
Module `parser` #374 @0..11
  Record `Token` #376 @0..5
  Fn `lex` #377 @6..11
    body: Block @10..11
--- diagnostics ---
SC0202 @34..41 `missing` is not defined in `text.parser`
