---
source: crates/science-resolve/tests/snapshots.rs
expression: "report(&module(vec![quantity, velocity]))"
---
Module `main` #356 @22..65
  Record `Quantity` #357 @22..38
    generics
      TypeParam `T` #360 @0..1
      ConstParam `LENGTH` #361 @2..12
        kind: Int @2..5
      ConstParam `TIME` #362 @13..21
        kind: Int @13..16
    fields
      Field `value` #358 @22..29
        type: Path -> `T` #360 @22..23
  Alias `Velocity` #359 @48..65
    generics
      TypeParam `T` #363 @39..40
    type: Path -> `Quantity` #357 @48..56
      generics
        Path -> `T` #363 @41..42
        Const Int 1 @43..44
        Const Neg @45..47
          Int 1 @46..47
--- diagnostics ---
(none)
