---
source: crates/science-resolve/tests/snapshots.rs
expression: "report(&module(vec![window, row, width, size]))"
---
Module `main` #1029 @10..78
  Record `Window` #1030 @10..28
    generics
      TypeParam `T` #1035 @0..1
      ConstParam `N` #1036 @2..7
        kind: Int @2..5
    fields
      Field `items` #1031 @10..21
        type: Path -> `Array` #18 @10..15
          generics
            Path -> `T` #1035 @8..9
  Alias `Row` #1032 @35..45
    type: Path -> `Window` #1030 @35..41
      generics
        Path -> `I64` #5 @29..32
        Const Int 4 @33..34
  Const `WIDTH` #1033 @50..59
    type: Path -> `I64` #5 @46..49
    value: Int 768 @50..53
  Fn `size` #1034 @60..78
    generics
      ConstParam `N` #1037 @65..70
        kind: Int @65..68
    ret: Path -> `I64` #5 @71..74
    body: Block @75..78
      tail: Path -> `N` #1037 @75..76
--- diagnostics ---
(none)
