---
source: crates/science-resolve/tests/snapshots.rs
expression: "report(&module(vec![doc, summarize, impl_block, build]))"
---
Module `main` #335 @0..168
  Record `Doc` #336 @0..28
    fields
      Field `title` #337 @0..19
        type: Path -> `String` #16 @0..6
      Field `body` #338 @7..24
        type: Path -> `String` #16 @7..13
  Interface `Summarize` #339 @29..60
    methods
      Fn `summarize` #342 @29..50
        receiver: SelfParam `self` #343 @39..43
        ret: Path -> `String` #16 @44..50
        body: (none)
  Impl #340 @61..119
    interface: Bound -> `Summarize` #339 @95..104
    for: Path -> `Doc` #336 @105..108
    methods
      Fn `summarize` #344 @61..94
        receiver: SelfParam `self` #345 @83..87
        ret: Path -> `String` #16 @88..94
        body: Block @61..72
          tail: Field `body` (unresolved: needs the type) @61..70
            Self -> `self` #345 @61..65
  Fn `build` #341 @120..168
    params
      Param `title` #346 @150..162
        type: Path -> `String` #16 @150..156
    ret: Path -> `Doc` #336 @163..166
    body: Block @120..168
      tail: StructLit -> `Doc` #336 @120..143
        fields
          FieldInit `title` -> `title` #337 @120..138
            value: Path -> `title` #346 @120..125
          FieldInit `body` -> `body` #338 @126..143
            value: Str "" @126..128
--- diagnostics ---
(none)
