---
source: crates/science-resolve/tests/snapshots.rs
expression: "report(&module(vec![scale, openblas, uses_union]))"
---
Module `main` #332 @0..226
  Fn `scale` #333 @0..53
    body: Block @0..53
      tail: Unsafe @0..45
        body: Block @0..38
          Path -> `H5T_NATIVE_DOUBLE_g` #338 @17..36
          tail: Call @0..16
            callee: Path -> `cblas_dgemm` #337 @0..11
            args
              Int 4 @12..13
  Extern "C" unsafe @54..202
    Library "openblas" @195..202
    items
      ExternAlias `BlasInt` #334 @54..65
        type: Path -> `I32` #4 @54..57
      ExternConst `CBLAS_ROW_MAJOR` #335 @66..89
        value: Int 101
        type: Path -> `BlasInt` #334 @66..73
      ExternConst `H5I_BADID` #336 negative @90..107
        value: Int 1
        type: Path -> `BlasInt` #334 @90..97
      ExternFn `cblas_dgemm` #337 symbol "dgemm_" @108..140
        params
          Param `m` #341 @108..117
            type: Path -> `BlasInt` #334 @108..115
        ret: Path -> `I32` #4 @118..121
      ExternStatic `H5T_NATIVE_DOUBLE_g` #338 @141..164
        type: Path -> `I64` #5 @141..144
      ExternUnion `H5R_ref_t` #339 @165..174
        size: 64
        align: 8
  Fn `inspect` #340 @203..226
    params
      Param `r` #342 @211..224
        type: Borrowed @211..222
          Path -> `H5R_ref_t` #339 @211..220
    body: Block @225..226
--- diagnostics ---
(none)
