---
source: crates/science-resolve/tests/snapshots.rs
expression: "report(&module(vec![empty, choice, f, g]))"
---
Module `main` #424 @0..38
  Record `Empty` #425 @0..5
  Choice `Choice` #426 @6..15
    variants
      Variant `No` #427 @6..8
  Fn `f` #428 @16..28
    body: Block @18..28
      tail: StructLit -> `Empty` #425 @18..26
  Fn `g` #429 @29..38
    body: Block @31..38
      tail: Call @31..36
        callee: Path -> `No` #427 @31..33
--- diagnostics ---
(none)
