---
source: crates/science-resolve/tests/snapshots.rs
expression: "report(&module(vec![f]))"
---
Module `main` #372 @0..33
  Fn `f` #373 @0..33
    params
      Param `a` #374 @12..21
        type: Path -> <error> @12..19
    ret: Path -> <error> @22..33
    body: Block @0..9
      Path -> <error> @0..7
--- diagnostics ---
SC0200 @12..19 cannot find `Missing` in this scope
SC0200 @22..33 cannot find `AlsoMissing` in this scope
SC0200 @0..7 cannot find `nowhere` in this scope
