---
source: crates/science-resolve/tests/snapshots.rs
expression: "report(&module(vec![pairing]))"
---
Module `main` #78 @23..40
  Record `Pairing` #79 @23..40
    generics
      ConstParam `LEFT` #81 @0..10
        kind: Shape @0..5
      ConstParam `RIGHT` #82 @11..22
        kind: Shape @11..16
    fields
      Field `value` #80 @23..32
        type: Path -> `Int` #17 @23..26
--- diagnostics ---
SC0221 @11..22 a generic parameter list may declare at most one variadic parameter
  note @0..10 `LEFT` already does
  note a `Shape` parameter stands for a whole list of const arguments, so two of them in one list leave no way to say where the first ends
