---
source: crates/science-resolve/tests/snapshots.rs
expression: "report(&module(vec![f]))"
---
Module `main` #424 @0..23
  Fn `f` #425 @0..23
    params
      Param `x` #426 @18..23
        type: Path -> `I64` #5 @18..21
    body: Block @0..15
      Let `x` #427 @0..3
        value: Path -> `x` #426 @0..1
      Let `y` #428 @4..7
        value: Path -> <error> @4..5
      Let `z` #429 @8..11
        value: Path -> `x` #427 @8..9
      tail: Path -> `x` #427 @12..13
--- diagnostics ---
SC0200 @4..5 cannot find `z` in this scope
