---
source: crates/science-resolve/tests/snapshots.rs
expression: "report(&module(vec![view, doc]))"
---
Module `main` #3441 @0..29
  Record `View` #3442 @0..15
    fields
      Field `source` #3443 @0..10
        type: Path -> `Doc` #3444 @0..3
  Record `Doc` #3444 @16..29
    fields
      Field `back` #3445 @16..25
        type: Path -> `View` #3442 @16..20
--- diagnostics ---
(none)
