---
source: crates/science-resolve/tests/snapshots.rs
expression: "report(&module(vec![empty, choice, f, g]))"
---
Module `main` #73 @0..38
  Record `Empty` #74 @0..5
  Choice `Choice` #75 @6..15
    variants
      Variant `No` #76 @6..8
  Fn `f` #77 @16..28
    body: Block @18..28
      tail: StructLit -> `Empty` #74 @18..26
  Fn `g` #78 @29..38
    body: Block @31..38
      tail: Call @31..36
        callee: Path -> `No` #76 @31..33
--- diagnostics ---
(none)
