---
source: crates/science-resolve/tests/snapshots.rs
expression: "report(&module(vec![doc, implementation]))"
---
Module `main` #1029 @0..32
  Record `Doc` #1030 @0..3
  Impl #1031 @4..32
    for: Path -> `Doc` #1030 @18..21
    methods
      Fn `get` #1032 @4..17
        receiver: SelfParam `self` #1033 @8..12
        ret: SelfAssoc `Item` -> <error> @13..17
        body: (none)
--- diagnostics ---
SC0200 @13..17 this implementation declares no associated type `Item`
