---
source: crates/science-resolve/tests/snapshots.rs
expression: "report(&module(vec![doc, f]))"
---
Module `main` #2840 @0..21
  Record `Doc` #2841 @0..3
  Fn `f` #2842 @12..21
    generics
      TypeParam `F` #2843 @14..15
        bounds
          ClosureBound @4..11
            params
              Path -> `Doc` #2841 @4..7
            ret: Path -> `Doc` #2841 @8..11
    params
      Param `f` #2844 @16..19
        type: Path -> `F` #2843 @16..17
    body: Block @20..21
--- diagnostics ---
(none)
