---
source: crates/science-resolve/tests/snapshots.rs
expression: "report(&module(vec![pair, f]))"
---
Module `main` #359 @0..45
  Choice `Two` #360 @9..25
    variants
      Variant `Pair` #361 @9..21
        payload
          Path -> `I64` #5 @9..12
          Path -> `I64` #5 @13..16
  Fn `f` #362 @0..45
    params
      Param `t` #363 @30..35
        type: Path -> `Two` #360 @30..33
    body: Block @0..45
      tail: Match @0..43
        scrutinee: Path -> `t` #363 @36..37
        arms
          Arm @0..27
            pattern: Variant -> `Pair` #361 @0..8
              Binding `a` #364 @0..1
              Binding `a` #365 @2..3
            body: Int 0 @26..27
--- diagnostics ---
SC0201 @2..3 the binding `a` is defined more than once
  note @0..1 first defined here
