---
source: crates/science-resolve/tests/snapshots.rs
expression: "report(&module(vec![tensor, grid, f]))"
---
Module `main` #359 @14..66
  Record `Tensor` #360 @14..28
    generics
      TypeParam `T` #365 @0..1
      ConstParam `SHAPE` #366 @2..13
        kind: Shape @2..7
    fields
      Field `value` #361 @14..21
        type: Path -> `T` #365 @14..15
  Record `Grid` #362 @52..64
    generics
      TypeParam `T` #367 @29..30
      ConstParam `ROWS` #368 @31..39
        kind: Int @31..34
      ConstParam `COLS` #369 @40..51
        kind: (not a kind) @40..46
    fields
      Field `value` #363 @52..59
        type: Path -> `T` #367 @52..53
  Fn `f` #364 @65..66
    generics
      ConstParam `FLAG` #370 @67..76
        kind: (not a kind) @67..71
    body: (none)
--- diagnostics ---
SC0220 @40..46 a const generic parameter's kind must be `Int` or `Shape`
  note `const N: K` annotates `N` with a kind, not with a type: `Int` is an integer known at compile time, and `Shape` is a type-level list of them
SC0220 @67..71 a const generic parameter's kind must be `Int` or `Shape`
  note `const N: K` annotates `N` with a kind, not with a type: `Int` is an integer known at compile time, and `Shape` is a type-level list of them
