---
source: crates/science-resolve/tests/snapshots.rs
expression: "report(&module(vec![doc, implementation]))"
---
Module `main` #3441 @0..32
  Record `Doc` #3442 @0..3
  Impl #3443 @4..32
    for: Path -> `Doc` #3442 @18..21
    methods
      Fn `get` #3444 @4..17
        receiver: SelfParam `self` #3445 @8..12
        ret: SelfAssoc `Item` -> <error> @13..17
        body: (none)
--- diagnostics ---
SC0200 @13..17 this implementation declares no associated type `Item`
