---
source: crates/science-resolve/tests/snapshots.rs
expression: "report(&module(vec![first, second, doc]))"
---
Module `main` #364 @0..42
  Fn `twice` #365 @0..7
    body: Block @6..7
  Fn `twice` #366 @8..15
    body: Block @14..15
  Record `Doc` #367 @16..42
    fields
      Field `title` #368 @16..28
        type: Path -> `String` #16 @16..22
      Field `title` #369 @29..38
        type: Path -> `I64` #5 @29..32
--- diagnostics ---
SC0201 @8..13 the name `twice` is defined more than once
  note @0..5 first defined here
SC0201 @33..38 the field `title` is defined more than once
  note @23..28 first defined here
