---
source: crates/science-resolve/tests/snapshots.rs
expression: "report_crate(vec![(\"main.science\", main), (\"text/mod.science\", text),\n(\"text/parser.science\", parser),])"
---
Module `main` #335 @13..28
Module `text` #336 @0..6
  Record `Source` #338 @0..6
Module `parser` #337 @7..12
  Fn `lex` #339 @7..12
    body: Block @11..12
--- diagnostics ---
(none)
