---
source: crates/science-lexer/tests/snapshots.rs
expression: "dump(\"\\\nfunction main():\n    call(\n            first,\n  second,\n        [1, 2,\n         3],\n    )\n    after\n\")"
---
== source ==
|function main():
|    call(
|            first,
|  second,
|        [1, 2,
|         3],
|    )
|    after
|

== tokens ==
   0..8     Function
   9..13    Ident("main")
  13..14    LParen
  14..15    RParen
  15..16    Colon
  16..17    Newline
  17..21    Indent
  21..25    Ident("call")
  25..26    LParen
  39..44    Ident("first")
  44..45    Comma
  48..54    Ident("second")
  54..55    Comma
  64..65    LBracket
  65..66    Int { value: 1, base: Dec, suffix: None }
  66..67    Comma
  68..69    Int { value: 2, base: Dec, suffix: None }
  69..70    Comma
  80..81    Int { value: 3, base: Dec, suffix: None }
  81..82    RBracket
  82..83    Comma
  88..89    RParen
  89..90    Newline
  94..99    Ident("after")
  99..100   Newline
 100..100   Dedent
 100..100   Eof

== diagnostics ==
(none)
