---
source: crates/science-lexer/tests/snapshots.rs
expression: "dump(\"\\\ndef main():\n    if a:\n        loop:\n            c()\ndone()\n\")"
---
== source ==
|def main():
|    if a:
|        loop:
|            c()
|done()
|

== tokens ==
   0..3     Function
   4..8     Ident("main")
   8..9     LParen
   9..10    RParen
  10..11    Colon
  11..12    Newline
  12..16    Indent
  16..18    If
  19..20    Ident("a")
  20..21    Colon
  21..22    Newline
  22..30    Indent
  30..34    Loop
  34..35    Colon
  35..36    Newline
  36..48    Indent
  48..49    Ident("c")
  49..50    LParen
  50..51    RParen
  51..52    Newline
  52..52    Dedent
  52..52    Dedent
  52..52    Dedent
  52..56    Ident("done")
  56..57    LParen
  57..58    RParen
  58..59    Newline
  59..59    Eof

== diagnostics ==
(none)
