---
source: crates/science-lexer/tests/snapshots.rs
expression: "dump(\"\\\nfunction main():\n    if a:\n        loop:\n            c()\n\")"
---
== source ==
|function main():
|    if a:
|        loop:
|            c()
|

== tokens ==
   0..8     Function
   9..13    Ident("main")
  13..14    LParen
  14..15    RParen
  15..16    Colon
  16..17    Newline
  17..21    Indent
  21..23    If
  24..25    Ident("a")
  25..26    Colon
  26..27    Newline
  27..35    Indent
  35..39    Loop
  39..40    Colon
  40..41    Newline
  41..53    Indent
  53..54    Ident("c")
  54..55    LParen
  55..56    RParen
  56..57    Newline
  57..57    Dedent
  57..57    Dedent
  57..57    Dedent
  57..57    Eof

== diagnostics ==
(none)
