---
source: crates/science-lexer/tests/snapshots.rs
expression: "dump(\"def main():\\n\\tlet x be 1\\n\\tlet y be 2\\n\")"
---
== source ==
|def main():
|\tlet x be 1
|\tlet y be 2
|

== tokens ==
   0..3     Function
   4..8     Ident("main")
   8..9     LParen
   9..10    RParen
  10..11    Colon
  11..12    Newline
  13..16    Let
  17..18    Ident("x")
  19..21    Be
  22..23    Int { value: 1, base: Dec, suffix: None }
  23..24    Newline
  25..28    Let
  29..30    Ident("y")
  31..33    Be
  34..35    Int { value: 2, base: Dec, suffix: None }
  35..36    Newline
  36..36    Eof

== diagnostics ==
SC0003 error: tabs are not allowed in indentation
    primary   12..13: tab character in the indentation
    note: Science does not interpret tabs: their width depends on how the file is displayed, so a block would mean different things to different readers. Indent with spaces only.
SC0003 error: tabs are not allowed in indentation
    primary   24..25: tab character in the indentation
    note: Science does not interpret tabs: their width depends on how the file is displayed, so a block would mean different things to different readers. Indent with spaces only.
