---
source: crates/science-lexer/tests/snapshots.rs
expression: "dump(\"\\\nuse text.parser (Token, lex)\n\npublic type Doc:\n    title: String\n    body: String\n\nfunction largest of T(items: borrowed Array of T) -> borrowed T where T: Ord:\n    let mutable best be items.get(0)\n    for item in items:\n        if item > best: best be item\n    best\n\nfunction read_config(path: borrowed String) -> (Config, Error?):\n    let text, err be read_file(path)   # the error comes back beside the value\n    if err?:\n        return (Config.empty(), err)\n    parse(borrowed text)\n\")"
---
== source ==
|use text.parser (Token, lex)
|
|public type Doc:
|    title: String
|    body: String
|
|function largest of T(items: borrowed Array of T) -> borrowed T where T: Ord:
|    let mutable best be items.get(0)
|    for item in items:
|        if item > best: best be item
|    best
|
|function read_config(path: borrowed String) -> (Config, Error?):
|    let text, err be read_file(path)   # the error comes back beside the value
|    if err?:
|        return (Config.empty(), err)
|    parse(borrowed text)
|

== tokens ==
   0..3     Use
   4..8     Ident("text")
   8..9     Dot
   9..15    Ident("parser")
  16..17    LParen
  17..22    Ident("Token")
  22..23    Comma
  24..27    Ident("lex")
  27..28    RParen
  28..29    Newline
  30..36    Public
  37..41    Type
  42..45    Ident("Doc")
  45..46    Colon
  46..47    Newline
  47..51    Indent
  51..56    Ident("title")
  56..57    Colon
  58..64    Ident("String")
  64..65    Newline
  69..73    Ident("body")
  73..74    Colon
  75..81    Ident("String")
  81..82    Newline
  83..83    Dedent
  83..91    Function
  92..99    Ident("largest")
 100..102   Of
 103..104   Ident("T")
 104..105   LParen
 105..110   Ident("items")
 110..111   Colon
 112..120   Borrowed
 121..126   Ident("Array")
 127..129   Of
 130..131   Ident("T")
 131..132   RParen
 133..135   Arrow
 136..144   Borrowed
 145..146   Ident("T")
 147..152   Where
 153..154   Ident("T")
 154..155   Colon
 156..159   Ident("Ord")
 159..160   Colon
 160..161   Newline
 161..165   Indent
 165..168   Let
 169..176   Mutable
 177..181   Ident("best")
 182..184   Be
 185..190   Ident("items")
 190..191   Dot
 191..194   Ident("get")
 194..195   LParen
 195..196   Int { value: 0, base: Dec, suffix: None }
 196..197   RParen
 197..198   Newline
 202..205   For
 206..210   Ident("item")
 211..213   In
 214..219   Ident("items")
 219..220   Colon
 220..221   Newline
 221..229   Indent
 229..231   If
 232..236   Ident("item")
 237..238   Gt
 239..243   Ident("best")
 243..244   Colon
 245..249   Ident("best")
 250..252   Be
 253..257   Ident("item")
 257..258   Newline
 262..262   Dedent
 262..266   Ident("best")
 266..267   Newline
 268..268   Dedent
 268..276   Function
 277..288   Ident("read_config")
 288..289   LParen
 289..293   Ident("path")
 293..294   Colon
 295..303   Borrowed
 304..310   Ident("String")
 310..311   RParen
 312..314   Arrow
 315..316   LParen
 316..322   Ident("Config")
 322..323   Comma
 324..329   Ident("Error")
 329..330   Question
 330..331   RParen
 331..332   Colon
 332..333   Newline
 333..337   Indent
 337..340   Let
 341..345   Ident("text")
 345..346   Comma
 347..350   Ident("err")
 351..353   Be
 354..363   Ident("read_file")
 363..364   LParen
 364..368   Ident("path")
 368..369   RParen
 411..412   Newline
 416..418   If
 419..422   Ident("err")
 422..423   Question
 423..424   Colon
 424..425   Newline
 425..433   Indent
 433..439   Return
 440..441   LParen
 441..447   Ident("Config")
 447..448   Dot
 448..453   Ident("empty")
 453..454   LParen
 454..455   RParen
 455..456   Comma
 457..460   Ident("err")
 460..461   RParen
 461..462   Newline
 466..466   Dedent
 466..471   Ident("parse")
 471..472   LParen
 472..480   Borrowed
 481..485   Ident("text")
 485..486   RParen
 486..487   Newline
 487..487   Dedent
 487..487   Eof

== diagnostics ==
(none)
