---
source: crates/science-lexer/tests/snapshots.rs
expression: "dump(\"\\\nuse text.parser (Token, lex)\n\npublic type Doc:\n    title: String\n    body: String\n\ndef largest[T](items: &Array[T]) -> &T where T: Ord:\n    let mutable best be items.get(0)\n    for item in items:\n        if item > best: best be item\n    best\n\ndef read_config(path: &String) -> (Config, Error?):\n    let text, err be read_file(path)   # the error comes back beside the value\n    if err?:\n        return (Config.empty(), err)\n    parse(&text)\n\")"
---
== source ==
|use text.parser (Token, lex)
|
|public type Doc:
|    title: String
|    body: String
|
|def largest[T](items: &Array[T]) -> &T where T: Ord:
|    let mutable best be items.get(0)
|    for item in items:
|        if item > best: best be item
|    best
|
|def read_config(path: &String) -> (Config, Error?):
|    let text, err be read_file(path)   # the error comes back beside the value
|    if err?:
|        return (Config.empty(), err)
|    parse(&text)
|

== tokens ==
   0..3     Use
   4..8     Ident("text")
   8..9     Dot
   9..15    Ident("parser")
  16..17    LParen
  17..22    Ident("Token")
  22..23    Comma
  24..27    Ident("lex")
  27..28    RParen
  28..29    Newline
  30..36    Public
  37..41    Type
  42..45    Ident("Doc")
  45..46    Colon
  46..47    Newline
  47..51    Indent
  51..56    Ident("title")
  56..57    Colon
  58..64    Ident("String")
  64..65    Newline
  69..73    Ident("body")
  73..74    Colon
  75..81    Ident("String")
  81..82    Newline
  83..83    Dedent
  83..86    Function
  87..94    Ident("largest")
  94..95    LBracket
  95..96    Ident("T")
  96..97    RBracket
  97..98    LParen
  98..103   Ident("items")
 103..104   Colon
 105..106   Amp
 106..111   Ident("Array")
 111..112   LBracket
 112..113   Ident("T")
 113..114   RBracket
 114..115   RParen
 116..118   Arrow
 119..120   Amp
 120..121   Ident("T")
 122..127   Where
 128..129   Ident("T")
 129..130   Colon
 131..134   Ident("Ord")
 134..135   Colon
 135..136   Newline
 136..140   Indent
 140..143   Let
 144..151   Mutable
 152..156   Ident("best")
 157..159   Be
 160..165   Ident("items")
 165..166   Dot
 166..169   Ident("get")
 169..170   LParen
 170..171   Int { value: 0, base: Dec, suffix: None }
 171..172   RParen
 172..173   Newline
 177..180   For
 181..185   Ident("item")
 186..188   In
 189..194   Ident("items")
 194..195   Colon
 195..196   Newline
 196..204   Indent
 204..206   If
 207..211   Ident("item")
 212..213   Gt
 214..218   Ident("best")
 218..219   Colon
 220..224   Ident("best")
 225..227   Be
 228..232   Ident("item")
 232..233   Newline
 237..237   Dedent
 237..241   Ident("best")
 241..242   Newline
 243..243   Dedent
 243..246   Function
 247..258   Ident("read_config")
 258..259   LParen
 259..263   Ident("path")
 263..264   Colon
 265..266   Amp
 266..272   Ident("String")
 272..273   RParen
 274..276   Arrow
 277..278   LParen
 278..284   Ident("Config")
 284..285   Comma
 286..291   Ident("Error")
 291..292   Question
 292..293   RParen
 293..294   Colon
 294..295   Newline
 295..299   Indent
 299..302   Let
 303..307   Ident("text")
 307..308   Comma
 309..312   Ident("err")
 313..315   Be
 316..325   Ident("read_file")
 325..326   LParen
 326..330   Ident("path")
 330..331   RParen
 373..374   Newline
 378..380   If
 381..384   Ident("err")
 384..385   Question
 385..386   Colon
 386..387   Newline
 387..395   Indent
 395..401   Return
 402..403   LParen
 403..409   Ident("Config")
 409..410   Dot
 410..415   Ident("empty")
 415..416   LParen
 416..417   RParen
 417..418   Comma
 419..422   Ident("err")
 422..423   RParen
 423..424   Newline
 428..428   Dedent
 428..433   Ident("parse")
 433..434   LParen
 434..435   Amp
 435..439   Ident("text")
 439..440   RParen
 440..441   Newline
 441..441   Dedent
 441..441   Eof

== diagnostics ==
(none)
