---
source: crates/science-lexer/tests/snapshots.rs
expression: "dump(\"let x be 1 $ 2\\nlet y be `z`\\n\")"
---
== source ==
|let x be 1 $ 2
|let y be `z`
|

== tokens ==
   0..3     Let
   4..5     Ident("x")
   6..8     Be
   9..10    Int { value: 1, base: Dec, suffix: None }
  11..12    Unknown('$')
  13..14    Int { value: 2, base: Dec, suffix: None }
  14..15    Newline
  15..18    Let
  19..20    Ident("y")
  21..23    Be
  24..25    Unknown('`')
  25..26    Ident("z")
  26..27    Unknown('`')
  27..28    Newline
  28..28    Eof

== diagnostics ==
SC0001 error: `$` is not a character Science recognises
    primary   11..12: unexpected character
SC0001 error: `` ` `` is not a character Science recognises
    primary   24..25: unexpected character
SC0001 error: `` ` `` is not a character Science recognises
    primary   26..27: unexpected character
