---
source: crates/link-lexer/tests/snapshots.rs
expression: "dump(\"let x = 1 $ 2\\nlet y = `z`\\n\")"
---
== source ==
|let x = 1 $ 2
|let y = `z`
|

== tokens ==
   0..3     Let
   4..5     Ident("x")
   6..7     Eq
   8..9     Int { value: 1, base: Dec, suffix: None }
  10..11    Unknown('$')
  12..13    Int { value: 2, base: Dec, suffix: None }
  13..14    Newline
  14..17    Let
  18..19    Ident("y")
  20..21    Eq
  22..23    Unknown('`')
  23..24    Ident("z")
  24..25    Unknown('`')
  25..26    Newline
  26..26    Eof

== diagnostics ==
LK0001 error: `$` is not a character Link recognises
    primary   10..11: unexpected character
LK0001 error: ``` is not a character Link recognises
    primary   22..23: unexpected character
LK0001 error: ``` is not a character Link recognises
    primary   24..25: unexpected character
