---
source: crates/link-resolve/tests/snapshots.rs
expression: "report(&module(vec![f]))"
---
Module `main` #41 @0..23
  Fn `f` #42 @0..23
    params
      Param `x` #43 @18..23
        type: Path -> `Int` #15 @18..21
    body: Block @0..15
      Let `x` #44 @0..3
        value: Path -> `x` #43 @0..1
      Let `y` #45 @4..7
        value: Path -> <error> @4..5
      Let `z` #46 @8..11
        value: Path -> `x` #44 @8..9
      tail: Path -> `x` #44 @12..13
--- diagnostics ---
LK0200 @4..5 cannot find `z` in this scope
