---
source: crates/link-resolve/tests/snapshots.rs
expression: "report_crate(vec![(\"main.link\", main), (\"shapes.link\", summarize),\n(\"types.link\", types),])"
---
Module `main` #41 @57..71
  Impl #44 @57..71
    trait: Bound -> `Summarize` #45 @40..56
    for: Path -> `Doc` #46 @57..66
Module `shapes` #42 @0..9
  Trait `Summarize` #45 @0..9
Module `types` #43 @27..39
  Struct `Doc` #46 @36..39
  Impl #47 @27..35
    trait: Bound -> `Summarize` #45 @10..26
    for: Path -> `Doc` #46 @27..30
--- diagnostics ---
LK0207 @57..71 this `impl` is an orphan: neither the trait nor the type belongs to this module
  note the trait `shapes.Summarize` belongs to `shapes`
  note the type `types.Doc` belongs to `types`
  note move the `impl` into one of those modules, or wrap the type in one of your own
