---
source: crates/link-parser/tests/ast_dump.rs
expression: module.dump()
---
Module @0..185
  Trait `Summarize` pub @0..96
    supertraits
      Bound `Clone` @16..21
    methods
      Fn `summarize` @17..46
        receiver: &self @30..35
        ret: Path `String` @40..46
      Fn `preview` @47..96
        receiver: &self @58..63
        ret: Path `String` @68..74
        body: Block @80..96
          tail: Method `summarize` @80..96
            receiver: Self @80..84
  Impl @100..160
    generics
      TypeParam `T` @105..113
        bounds
          Bound `Clone` @108..113
    trait: Bound `Summarize` @116..125
    type: Path `Doc` @130..133
    where
      Predicate @140..151
        type: Path `T` @140..141
        bounds
          Bound `Eq` @143..145
          Bound `Ord` @148..151
  Impl @165..185
    type: Ref mut @170..178
      Path `Doc` @175..178
