---
source: crates/link-parser/tests/ast_dump.rs
expression: body.dump()
---
Block @0..249
  Let `count` mut @0..22
    type: Path `I64` @15..18
    value: Int 0 @21..22
  Let `d` @23..57
    value: StructLit `Doc` @31..57
      fields
        FieldInit `title` @35..45
          value: Str "a" @42..45
        FieldInit `body` @47..56
          value: Str "b" @53..56
  Assign @60..88
    target: Path `count` @60..65
    value: Binary `+` @68..88
      lhs: Path `count` @68..73
      rhs: Binary `*` @76..88
        lhs: Int 1 hex u8 @76..82
        rhs: Float 2.5 @85..88
  Cast @90..121
    expr: Field `value` @90..114
      base: Try @90..108
        Method `get` @90..107
          receiver: Path `items` @90..95
          generics
            Path `I32` @100..103
          args
            Int 0 @105..106
    type: Path `I32` @118..121
  Call @123..154
    callee: Index @123..130
      base: Path `grid` @123..127
      index: Path `i` @128..129
    args
      Ref mut @131..139
        Path `buf` @136..139
      Unary `not` @141..149
        Path `flag` @145..149
      Unary `-` @151..153
        Int 1 @152..153
  If @156..171
    cond: Path `a` @159..160
    then: Block @162..163
      tail: Path `b` @162..163
    else: Block @170..171
      tail: Path `c` @170..171
  While @173..232
    cond: Path `a` @179..180
    body: Block @190..232
      Loop @190..232
        body: Block @196..232
          For @196..232
            pattern: Binding `x` @200..201
            iter: Path `xs` @205..207
            body: Block @209..232
              Continue @209..217
              Break @218..225
                value: Path `x` @224..225
              Return @226..232
  tail: Tuple @234..249
    Bool true @235..239
    Char 'a' @241..244
    Unit @246..248
