---
source: crates/link-parser/tests/parse_items.rs
expression: "parse_report(vec![Fn, id(\"main\"), LParen, RParen, Colon, Newline, Indent,\nWhile, id(\"a\"), Colon, Newline, Indent, id(\"b\"), Newline, Dedent, id(\"c\"),\nNewline, Dedent,])"
---
Module @0..18
  Fn `main` @0..18
    body: Block @9..18
      While @9..17
        cond: Path `a` @14..15
        body: Block @16..17
          tail: Path `b` @16..17
      tail: Path `c` @17..18
--- diagnostics ---
(none)
