---
source: crates/link-parser/tests/parse_patterns.rs
expression: "parse_body(\"fn f(x: Int) -> Int:\\n    match x:\\n        Doc(): 0\\n\")"
---
Block @25..51
  tail: Match @25..51
    scrutinee: Path `x` @31..32
    arms
      Arm @42..50
        pattern: Variant `Doc` @42..47
        body: Int 0 @49..50
--- diagnostics ---
(none)
