---
source: crates/link-parser/tests/parse_items.rs
expression: "parse_report(vec![Fn, id(\"largest\"), LBracket, id(\"T\"), Colon, id(\"Ord\"),\nRBracket, LParen, id(\"items\"), Colon, Amp, id(\"Array\"), LBracket, id(\"T\"),\nRBracket, RParen, Arrow, Amp, id(\"T\"), Colon, id(\"items\"), Newline,])"
---
Module @0..43
  Fn `largest` @0..43
    generics
      TypeParam `T` @10..15
        bounds
          Bound `Ord` @12..15
    params
      Param `items` @17..32
        type: Ref @23..32
          Path `Array` @24..32
            generics of `Array`
              Path `T` @30..31
    ret: Ref @35..37
      Path `T` @36..37
    body: Block @38..43
      tail: Path `items` @38..43
--- diagnostics ---
(none)
