---
source: crates/link-parser/tests/parse_stmts.rs
expression: "parse_body(r#\"fn largest(items: &Array[Int]) -> Int:\n    let mut best = 0\n    for item in items:\n        if item > best: best = item\n    best\n\"#)"
---
Block @43..127
  Let `best` mut @43..59
    value: Int 0 @58..59
  For @64..118
    pattern: Binding `item` @68..72
    iter: Path `items` @76..81
    body: Block @91..118
      tail: If @91..118
        cond: Binary `>` @94..105
          lhs: Path `item` @94..98
          rhs: Path `best` @101..105
        then: Block @107..118
          Assign @107..118
            target: Path `best` @107..111
            value: Path `item` @114..118
  tail: Path `best` @123..127
--- diagnostics ---
(none)
