---
source: crates/link-parser/tests/parse_exprs.rs
expression: "parse_source(r#\"fn describe(format: &Format) -> String:\n    match format:\n        Plain: \"plain\"\n        Markdown:\n            let prefix = \"marked\"\n            prefix.append(\"down\")\n\"#)"
---
Module @0..167
  Fn `describe` @0..167
    params
      Param `format` @12..27
        type: Ref @20..27
          Path `Format` @21..27
    ret: Path `String` @32..38
    body: Block @44..167
      tail: Match @44..167
        scrutinee: Path `format` @50..56
        arms
          Arm @66..80
            pattern: Binding `Plain` @66..71
            body: Str "plain" @73..80
          Arm @89..167
            pattern: Binding `Markdown` @89..97
            body: Block @111..166
              Let `prefix` @111..132
                value: Str "marked" @124..132
              tail: Method `append` @145..166
                receiver: Path `prefix` @145..151
                args
                  Str "down" @159..165
--- diagnostics ---
(none)
