---
source: crates/link-parser/tests/parse_stmts.rs
expression: "parse_body(\"fn add(a: Int, b: Int) -> Int:\\n    let c = a + b\\n    c\\n\")"
---
Block @35..54
  Let `c` @35..48
    value: Binary `+` @43..48
      lhs: Path `a` @43..44
      rhs: Path `b` @47..48
  tail: Path `c` @53..54
--- diagnostics ---
(none)
