---
source: crates/link-parser/tests/parse_traits.rs
expression: "parse_source(r#\"trait Pretty[T]: Summarize + Clone:\n    fn pretty(&self) -> T\n\"#)"
---
Module @0..62
  Trait `Pretty` @0..62
    generics
      TypeParam `T` @13..14
    supertraits
      Bound `Summarize` @17..26
      Bound `Clone` @29..34
    methods
      Fn `pretty` @40..62
        receiver: &self @50..55
        ret: Path `T` @60..61
--- diagnostics ---
(none)
