---
source: crates/link-parser/tests/parse_patterns.rs
expression: "parse_body(r#\"fn f(x: Int) -> String:\n    match x:\n        0: \"zero\"\n        'a': \"letter\"\n        \"hello\": \"greeting\"\n        true: \"on\"\n        3.5: \"float\"\n        _: \"other\"\n\"#)"
---
Block @28..164
  tail: Match @28..164
    scrutinee: Path `x` @34..35
    arms
      Arm @45..54
        pattern: Int 0 @45..46
        body: Str "zero" @48..54
      Arm @63..76
        pattern: Char 'a' @63..66
        body: Str "letter" @68..76
      Arm @85..104
        pattern: Str "hello" @85..92
        body: Str "greeting" @94..104
      Arm @113..123
        pattern: Bool true @113..117
        body: Str "on" @119..123
      Arm @132..144
        pattern: Float 3.5 @132..135
        body: Str "float" @137..144
      Arm @153..163
        pattern: Wildcard @153..154
        body: Str "other" @156..163
--- diagnostics ---
(none)
