---
source: crates/link-parser/tests/parse_traits.rs
expression: "parse_source(r#\"trait Summarize:\n    fn summarize(&self) -> String\n\n    fn preview(&self) -> String:\n        self.summarize().truncate(80)\n\"#)"
---
Module @0..123
  Trait `Summarize` @0..122
    methods
      Fn `summarize` @21..50
        receiver: &self @34..39
        ret: Path `String` @44..50
      Fn `preview` @56..122
        receiver: &self @67..72
        ret: Path `String` @77..83
        body: Block @93..122
          tail: Method `truncate` @93..122
            receiver: Method `summarize` @93..109
              receiver: Self @93..97
            args
              Int 80 @119..121
--- diagnostics ---
(none)
