---
source: crates/link-parser/tests/parse_stmts.rs
expression: "parse_source_allowing_errors(\"fn f():\\n    let a: Int\\n    let b = 1\\n\")"
---
Module @0..37
  Fn `f` @0..37
    body: Block @27..36
      Let `b` @27..36
        value: Int 1 @35..36
--- diagnostics ---
LK0100 @22..23 expected `=`, found end of line
