---
source: crates/link-parser/tests/parse_patterns.rs
expression: "parse_body(\"fn f(x: Int) -> Int:\\n    match x:\\n        None: 0\\n        other: other\\n\")"
---
Block @25..71
  tail: Match @25..71
    scrutinee: Path `x` @31..32
    arms
      Arm @42..49
        pattern: Binding `None` @42..46
        body: Int 0 @48..49
      Arm @58..70
        pattern: Binding `other` @58..63
        body: Path `other` @65..70
--- diagnostics ---
(none)
